Archive member included to satisfy reference by file (symbol)

d:/mcuxpressoide_11.9.0_2144/ide/plugins/com.nxp.mcuxpresso.tools.win32_11.9.0.202307121226/tools/bin/../lib/gcc/arm-none-eabi/12.3.1/../../../../arm-none-eabi/lib/thumb/v7e-m+fp/hard\libcr_semihost_nf.a(_cr__main.o)
                              ./startup/startup_mk64f12.o (__main)
d:/mcuxpressoide_11.9.0_2144/ide/plugins/com.nxp.mcuxpresso.tools.win32_11.9.0.202307121226/tools/bin/../lib/gcc/arm-none-eabi/12.3.1/../../../../arm-none-eabi/lib/thumb/v7e-m+fp/hard\libcr_semihost_nf.a(_cr_assert.o)
                              ./source/GPIO.o (__assertion_failed)
d:/mcuxpressoide_11.9.0_2144/ide/plugins/com.nxp.mcuxpresso.tools.win32_11.9.0.202307121226/tools/bin/../lib/gcc/arm-none-eabi/12.3.1/../../../../arm-none-eabi/lib/thumb/v7e-m+fp/hard\libcr_semihost_nf.a(__ciob.o)
                              d:/mcuxpressoide_11.9.0_2144/ide/plugins/com.nxp.mcuxpresso.tools.win32_11.9.0.202307121226/tools/bin/../lib/gcc/arm-none-eabi/12.3.1/../../../../arm-none-eabi/lib/thumb/v7e-m+fp/hard\libcr_semihost_nf.a(_cr_assert.o) (__Ciob)
d:/mcuxpressoide_11.9.0_2144/ide/plugins/com.nxp.mcuxpresso.tools.win32_11.9.0.202307121226/tools/bin/../lib/gcc/arm-none-eabi/12.3.1/../../../../arm-none-eabi/lib/thumb/v7e-m+fp/hard\libcr_semihost_nf.a(__sys_appexit.o)
                              d:/mcuxpressoide_11.9.0_2144/ide/plugins/com.nxp.mcuxpresso.tools.win32_11.9.0.202307121226/tools/bin/../lib/gcc/arm-none-eabi/12.3.1/../../../../arm-none-eabi/lib/thumb/v7e-m+fp/hard\libcr_semihost_nf.a(_cr_assert.o) (__sys_appexit)
d:/mcuxpressoide_11.9.0_2144/ide/plugins/com.nxp.mcuxpresso.tools.win32_11.9.0.202307121226/tools/bin/../lib/gcc/arm-none-eabi/12.3.1/../../../../arm-none-eabi/lib/thumb/v7e-m+fp/hard\libcr_c.a(memcpy.o)
                              ./utilities/fsl_str.o (memcpy)
d:/mcuxpressoide_11.9.0_2144/ide/plugins/com.nxp.mcuxpresso.tools.win32_11.9.0.202307121226/tools/bin/../lib/gcc/arm-none-eabi/12.3.1/../../../../arm-none-eabi/lib/thumb/v7e-m+fp/hard\libcr_c.a(memset.o)
                              ./drivers/fsl_adc16.o (memset)
d:/mcuxpressoide_11.9.0_2144/ide/plugins/com.nxp.mcuxpresso.tools.win32_11.9.0.202307121226/tools/bin/../lib/gcc/arm-none-eabi/12.3.1/../../../../arm-none-eabi/lib/thumb/v7e-m+fp/hard\libcr_c.a(_deferredlazyseek.o)
                              d:/mcuxpressoide_11.9.0_2144/ide/plugins/com.nxp.mcuxpresso.tools.win32_11.9.0.202307121226/tools/bin/../lib/gcc/arm-none-eabi/12.3.1/../../../../arm-none-eabi/lib/thumb/v7e-m+fp/hard\libcr_semihost_nf.a(_cr_assert.o) (__flsbuf)
d:/mcuxpressoide_11.9.0_2144/ide/plugins/com.nxp.mcuxpresso.tools.win32_11.9.0.202307121226/tools/bin/../lib/gcc/arm-none-eabi/12.3.1/../../../../arm-none-eabi/lib/thumb/v7e-m+fp/hard\libcr_c.a(_fflush.o)
                              d:/mcuxpressoide_11.9.0_2144/ide/plugins/com.nxp.mcuxpresso.tools.win32_11.9.0.202307121226/tools/bin/../lib/gcc/arm-none-eabi/12.3.1/../../../../arm-none-eabi/lib/thumb/v7e-m+fp/hard\libcr_c.a(_deferredlazyseek.o) (_fflush)
d:/mcuxpressoide_11.9.0_2144/ide/plugins/com.nxp.mcuxpresso.tools.win32_11.9.0.202307121226/tools/bin/../lib/gcc/arm-none-eabi/12.3.1/../../../../arm-none-eabi/lib/thumb/v7e-m+fp/hard\libcr_c.a(_writebuf.o)
                              d:/mcuxpressoide_11.9.0_2144/ide/plugins/com.nxp.mcuxpresso.tools.win32_11.9.0.202307121226/tools/bin/../lib/gcc/arm-none-eabi/12.3.1/../../../../arm-none-eabi/lib/thumb/v7e-m+fp/hard\libcr_c.a(_deferredlazyseek.o) (_Cwritebuf)
d:/mcuxpressoide_11.9.0_2144/ide/plugins/com.nxp.mcuxpresso.tools.win32_11.9.0.202307121226/tools/bin/../lib/gcc/arm-none-eabi/12.3.1/../../../../arm-none-eabi/lib/thumb/v7e-m+fp/hard\libcr_c.a(alloc.o)
                              ./drivers/fsl_common.o (malloc)
d:/mcuxpressoide_11.9.0_2144/ide/plugins/com.nxp.mcuxpresso.tools.win32_11.9.0.202307121226/tools/bin/../lib/gcc/arm-none-eabi/12.3.1/../../../../arm-none-eabi/lib/thumb/v7e-m+fp/hard\libcr_c.a(errno.o)
                              ./utilities/fsl_str.o (errno)
d:/mcuxpressoide_11.9.0_2144/ide/plugins/com.nxp.mcuxpresso.tools.win32_11.9.0.202307121226/tools/bin/../lib/gcc/arm-none-eabi/12.3.1/../../../../arm-none-eabi/lib/thumb/v7e-m+fp/hard\libcr_c.a(fputs.o)
                              d:/mcuxpressoide_11.9.0_2144/ide/plugins/com.nxp.mcuxpresso.tools.win32_11.9.0.202307121226/tools/bin/../lib/gcc/arm-none-eabi/12.3.1/../../../../arm-none-eabi/lib/thumb/v7e-m+fp/hard\libcr_semihost_nf.a(_cr_assert.o) (fputs)
d:/mcuxpressoide_11.9.0_2144/ide/plugins/com.nxp.mcuxpresso.tools.win32_11.9.0.202307121226/tools/bin/../lib/gcc/arm-none-eabi/12.3.1/../../../../arm-none-eabi/lib/thumb/v7e-m+fp/hard\libcr_c.a(fseek.o)
                              d:/mcuxpressoide_11.9.0_2144/ide/plugins/com.nxp.mcuxpresso.tools.win32_11.9.0.202307121226/tools/bin/../lib/gcc/arm-none-eabi/12.3.1/../../../../arm-none-eabi/lib/thumb/v7e-m+fp/hard\libcr_c.a(_deferredlazyseek.o) (fseek)
[...]
Memory Configuration

Name             Origin             Length             Attributes
PROGRAM_FLASH    0x00000000         0x00100000         xr
SRAM_UPPER       0x20000000         0x00030000         xrw
SRAM_LOWER       0x1fff0000         0x00010000         xrw
FLEX_RAM         0x14000000         0x00001000         xrw
*default*        0x00000000         0xffffffff

Linker script and memory map

LOAD ./utilities/fsl_debug_console.o
LOAD ./utilities/fsl_str.o
LOAD ./startup/startup_mk64f12.o
LOAD ./source/GPIO.o
LOAD ./source/LCD_nokia.o
LOAD ./source/LCD_nokia_images.o
LOAD ./source/PIT.o
LOAD ./source/S25FL164K.o
LOAD ./source/SPI.o
LOAD ./source/main.o
LOAD ./source/semihost_hardfault.o
LOAD ./drivers/fsl_adc16.o
LOAD ./drivers/fsl_clock.o
LOAD ./drivers/fsl_common.o
LOAD ./drivers/fsl_common_arm.o
LOAD ./drivers/fsl_dmamux.o
LOAD ./drivers/fsl_dspi.o
LOAD ./drivers/fsl_dspi_edma.o
LOAD ./drivers/fsl_edma.o
LOAD ./drivers/fsl_gpio.o
LOAD ./drivers/fsl_i2c.o
LOAD ./drivers/fsl_pit.o
LOAD ./drivers/fsl_smc.o
LOAD ./drivers/fsl_uart.o
LOAD ./device/system_MK64F12.o
LOAD ./component/uart/fsl_adapter_uart.o
LOAD ./component/serial_manager/fsl_component_serial_manager.o
LOAD ./component/serial_manager/fsl_component_serial_port_uart.o
LOAD ./component/lists/fsl_component_generic_list.o
LOAD ./board/board.o
LOAD ./board/clock_config.o
LOAD ./board/peripherals.o
LOAD ./board/pin_mux.o
START GROUP
LOAD d:/mcuxpressoide_11.9.0_2144/ide/plugins/com.nxp.mcuxpresso.tools.win32_11.9.0.202307121226/tools/bin/../lib/gcc/arm-none-eabi/12.3.1/../../../../arm-none-eabi/lib/thumb/v7e-m+fp/hard\libcr_semihost_nf.a
LOAD d:/mcuxpressoide_11.9.0_2144/ide/plugins/com.nxp.mcuxpresso.tools.win32_11.9.0.202307121226/tools/bin/../lib/gcc/arm-none-eabi/12.3.1/../../../../arm-none-eabi/lib/thumb/v7e-m+fp/hard\libcr_c.a
LOAD d:/mcuxpressoide_11.9.0_2144/ide/plugins/com.nxp.mcuxpresso.tools.win32_11.9.0.202307121226/tools/bin/../lib/gcc/arm-none-eabi/12.3.1/thumb/v7e-m+fp/hard\libcr_eabihelpers.a
LOAD d:/mcuxpressoide_11.9.0_2144/ide/plugins/com.nxp.mcuxpresso.tools.win32_11.9.0.202307121226/tools/bin/../lib/gcc/arm-none-eabi/12.3.1/thumb/v7e-m+fp/hard\libgcc.a
END GROUP
                0x00000000                        __base_PROGRAM_FLASH = 0x0
                0x00000000                        __base_Flash = 0x0
                0x00100000                        __top_PROGRAM_FLASH = 0x100000
                0x00100000                        __top_Flash = 0x100000
                0x20000000                        __base_SRAM_UPPER = 0x20000000
                0x20000000                        __base_RAM = 0x20000000
                0x20030000                        __top_SRAM_UPPER = 0x20030000
                0x20030000                        __top_RAM = 0x20030000
                0x1fff0000                        __base_SRAM_LOWER = 0x1fff0000
                0x1fff0000                        __base_RAM2 = 0x1fff0000
                0x20000000                        __top_SRAM_LOWER = 0x20000000
                0x20000000                        __top_RAM2 = 0x20000000
                0x14000000                        __base_FLEX_RAM = 0x14000000
                0x14000000                        __base_RAM3 = 0x14000000
                0x14001000                        __top_FLEX_RAM = 0x14001000
                0x14001000                        __top_RAM3 = 0x14001000

.text           0x00000000     0x3f00
 FILL mask 0xff
                0x00000000                        __vectors_start__ = ABSOLUTE (.)
 *(SORT_BY_ALIGNMENT(.isr_vector))
 .isr_vector    0x00000000      0x198 ./startup/startup_mk64f12.o
                0x00000000                g_pfnVectors
                0x00000000                __Vectors
                0x00000198                        . = ALIGN (0x4)
                0x00000198                        __section_table_start = .
                0x00000198                        __data_section_table = .
                0x00000198        0x4 LONG 0x3f00 LOADADDR (.data)
                0x0000019c        0x4 LONG 0x20000000 ADDR (.data)
                0x000001a0        0x4 LONG 0x20 SIZEOF (.data)
                0x000001a4        0x4 LONG 0x3f00 LOADADDR (.data_RAM2)
                0x000001a8        0x4 LONG 0x1fff0000 ADDR (.data_RAM2)
                0x000001ac        0x4 LONG 0x0 SIZEOF (.data_RAM2)
                0x000001b0        0x4 LONG 0x3f00 LOADADDR (.data_RAM3)
                0x000001b4        0x4 LONG 0x14000000 ADDR (.data_RAM3)
                0x000001b8        0x4 LONG 0x0 SIZEOF (.data_RAM3)
                0x000001bc                        __data_section_table_end = .
                0x000001bc                        __bss_section_table = .
                0x000001bc        0x4 LONG 0x20000020 ADDR (.bss)
                0x000001c0        0x4 LONG 0xb40 SIZEOF (.bss)
                0x000001c4        0x4 LONG 0x1fff0000 ADDR (.bss_RAM2)
                0x000001c8        0x4 LONG 0x0 SIZEOF (.bss_RAM2)
                0x000001cc        0x4 LONG 0x14000000 ADDR (.bss_RAM3)
                0x000001d0        0x4 LONG 0x0 SIZEOF (.bss_RAM3)
                0x000001d4                        __bss_section_table_end = .
                0x000001d4                        __section_table_end = .
 *(SORT_BY_ALIGNMENT(.after_vectors*))
 .after_vectors.reset
                0x000001d4       0x4c ./startup/startup_mk64f12.o
                0x000001d4                ResetISR
 .after_vectors.init_data
                0x00000220       0x1e ./startup/startup_mk64f12.o
                0x00000220                data_init
 .after_vectors.init_bss
                0x0000023e       0x12 ./startup/startup_mk64f12.o
                0x0000023e                bss_init
 .after_vectors
                0x00000250       0x14 ./startup/startup_mk64f12.o
                0x00000250                NMI_Handler
                0x00000254                MemManage_Handler
                0x00000256                BusFault_Handler
                0x00000258                UsageFault_Handler
                0x0000025a                SVC_Handler
                0x0000025c                DebugMon_Handler
                0x0000025e                PendSV_Handler
                0x00000260                SysTick_Handler
                0x00000262                FTM2_DriverIRQHandler
                0x00000262                PIT2_DriverIRQHandler
                0x00000262                SDHC_DriverIRQHandler
                0x00000262                I2S0_Tx_DriverIRQHandler
                0x00000262                FTM1_DriverIRQHandler
                0x00000262                LLWU_DriverIRQHandler
                0x00000262                MCM_DriverIRQHandler
                0x00000262                MCG_DriverIRQHandler
                0x00000262                ENET_1588_Timer_DriverIRQHandler
                0x00000262                DAC1_DriverIRQHandler
                0x00000262                RTC_Seconds_DriverIRQHandler
                0x00000262                CMP1_DriverIRQHandler
                0x00000262                FTM0_DriverIRQHandler
                0x00000262                IntDefaultHandler
                0x00000262                USB0_DriverIRQHandler
                0x00000262                UART5_ERR_DriverIRQHandler
                0x00000262                PORTC_DriverIRQHandler
                0x00000262                DAC0_DriverIRQHandler
                0x00000262                CMP2_DriverIRQHandler
                0x00000262                UART2_ERR_DriverIRQHandler
                0x00000262                DMA_Error_DriverIRQHandler
                0x00000262                PIT0_DriverIRQHandler
                0x00000262                RNG_DriverIRQHandler
                0x00000262                USBDCD_DriverIRQHandler
                0x00000262                UART3_ERR_DriverIRQHandler
                0x00000262                UART0_ERR_DriverIRQHandler
                0x00000262                CMT_DriverIRQHandler
                0x00000262                Reserved71_DriverIRQHandler
                0x00000262                ADC1_DriverIRQHandler
                0x00000262                PORTA_DriverIRQHandler
                0x00000262                PIT3_DriverIRQHandler
                0x00000262                PIT1_DriverIRQHandler
                0x00000262                WDOG_EWM_DriverIRQHandler
                0x00000262                PDB0_DriverIRQHandler
                0x00000262                RTC_DriverIRQHandler
                0x00000262                I2S0_Rx_DriverIRQHandler
                0x00000262                Read_Collision_DriverIRQHandler
                0x00000262                SWI_DriverIRQHandler
                0x00000262                UART4_ERR_DriverIRQHandler
                0x00000262                LPTMR0_DriverIRQHandler
                0x00000262                UART0_LON_DriverIRQHandler
                0x00000262                PORTB_DriverIRQHandler
                0x00000262                ENET_Receive_DriverIRQHandler
                0x00000262                ENET_Error_DriverIRQHandler
                0x00000262                ADC0_DriverIRQHandler
                0x00000262                CMP0_DriverIRQHandler
                0x00000262                CAN0_DriverIRQHandler
                0x00000262                FTM3_DriverIRQHandler
                0x00000262                LVD_LVW_DriverIRQHandler
                0x00000262                UART1_ERR_DriverIRQHandler
                0x00000262                ENET_Transmit_DriverIRQHandler
                0x00000262                PORTD_DriverIRQHandler
                0x00000262                PORTE_DriverIRQHandler
                0x00000262                FTFE_DriverIRQHandler
                0x00000400                        . = 0x400
 *fill*         0x00000264      0x19c ff
                0x00000400                        PROVIDE (__FLASH_CONFIG_START__ = .)
 *(SORT_BY_ALIGNMENT(.FlashConfig))
 .FlashConfig   0x00000400       0x10 ./startup/startup_mk64f12.o
                0x00000400                Flash_Config
                0x00000410                        PROVIDE (__FLASH_CONFIG_END__ = .)
                0x00000001                        ASSERT (! ((__FLASH_CONFIG_START__ == __FLASH_CONFIG_END__)), Linker Flash Config Support Enabled, but no .FlashConfig section provided within application)
 *(SORT_BY_ALIGNMENT(.text*))
 .text.GPIO_GetInstance
                0x00000410       0x4c ./source/GPIO.o
                0x00000410                GPIO_GetInstance
 .text.GPIO_GetPortIF
                0x0000045c       0x30 ./source/GPIO.o
                0x0000045c                GPIO_GetPortIF
 .text.GPIO_ClearPortIF
                0x0000048c       0x34 ./source/GPIO.o
                0x0000048c                GPIO_ClearPortIF
 .text.PORTA_IRQHandler
                0x000004c0       0x2c ./source/GPIO.o
                0x000004c0                PORTA_IRQHandler
 .text.PORTD_IRQHandler
                0x000004ec       0x14 ./source/GPIO.o
                0x000004ec                PORTD_IRQHandler
 .text.PORTC_IRQHandler
                0x00000500      0x148 ./source/GPIO.o
                0x00000500                PORTC_IRQHandler
 .text.PORTB_IRQHandler
                0x00000648      0x1a0 ./source/GPIO.o
                0x00000648                PORTB_IRQHandler
 .text.GPIO_B_set_flag
                0x000007e8       0x5c ./source/GPIO.o
                0x000007e8                GPIO_B_set_flag
 .text.GPIO_B_get_flag
                0x00000844       0x68 ./source/GPIO.o
                0x00000844                GPIO_B_get_flag
 .text.GPIO_C_set_flag
                0x000008ac       0x48 ./source/GPIO.o
                0x000008ac                GPIO_C_set_flag
 .text.GPIO_C_get_flag
                0x000008f4       0x54 ./source/GPIO.o
                0x000008f4                GPIO_C_get_flag
 .text.PORT_ClockGatingConfig
                0x00000948       0x20 ./source/GPIO.o
                0x00000948                PORT_ClockGatingConfig
 .text.toggle_RED
                0x00000968       0x1c ./source/GPIO.o
                0x00000968                toggle_RED
 .text.LCD_SPI_Config
                0x00000984       0x20 ./source/LCD_nokia.o
                0x00000984                LCD_SPI_Config
 .text.LCD_nokia_init
                0x000009a4       0x90 ./source/LCD_nokia.o
                0x000009a4                LCD_nokia_init
 .text.LCD_nokia_write_byte
                0x00000a34       0x58 ./source/LCD_nokia.o
                0x00000a34                LCD_nokia_write_byte
 .text.PIT0_IRQHandler
                0x00000a8c       0x20 ./source/PIT.o
                0x00000a8c                PIT0_IRQHandler
 .text.PIT1_IRQHandler
                0x00000aac       0x50 ./source/PIT.o
                0x00000aac                PIT1_IRQHandler
 .text.PIT_set_timer_period
                0x00000afc       0x64 ./source/PIT.o
                0x00000afc                PIT_set_timer_period
 .text.PIT0_GetIRFlag
                0x00000b60       0x18 ./source/PIT.o
                0x00000b60                PIT0_GetIRFlag
 .text.PIT0_SetIRFlag
                0x00000b78       0x20 ./source/PIT.o
                0x00000b78                PIT0_SetIRFlag
 .text.S25_SPI_Config
                0x00000b98       0x20 ./source/S25FL164K.o
                0x00000b98                S25_SPI_Config
 .text.S25_Read
                0x00000bb8       0x68 ./source/S25FL164K.o
                0x00000bb8                S25_Read
 .text.CLOCK_SetSimSafeDivs
                0x00000c20       0x20 ./source/SPI.o
 .text.SPI_config
                0x00000c40       0xb4 ./source/SPI.o
                0x00000c40                SPI_config
 .text.SPI_Config0
                0x00000cf4       0x2c ./source/SPI.o
                0x00000cf4                SPI_Config0
 .text.__NVIC_EnableIRQ
                0x00000d20       0x3c ./source/main.o
 .text.PIT_GetDefaultConfig
                0x00000d5c       0x28 ./source/main.o
 .text.main     0x00000d84      0x140 ./source/main.o
                0x00000d84                main
 .text.CLOCK_GetMcgExtClkFreq
                0x00000ec4       0x7c ./drivers/fsl_clock.o
 .text.CLOCK_GetFllExtRefClkFreq
                0x00000f40       0xb0 ./drivers/fsl_clock.o
 .text.CLOCK_GetInternalRefClkSelectFreq
                0x00000ff0       0x4c ./drivers/fsl_clock.o
 .text.CLOCK_GetFllRefClkFreq
                0x0000103c       0x34 ./drivers/fsl_clock.o
 .text.CLOCK_GetOsc0ErClkFreq
                0x00001070       0x44 ./drivers/fsl_clock.o
                0x00001070                CLOCK_GetOsc0ErClkFreq
 .text.CLOCK_GetEr32kClkFreq
                0x000010b4       0x74 ./drivers/fsl_clock.o
                0x000010b4                CLOCK_GetEr32kClkFreq
 .text.CLOCK_GetPllFllSelClkFreq
                0x00001128       0x54 ./drivers/fsl_clock.o
                0x00001128                CLOCK_GetPllFllSelClkFreq
 .text.CLOCK_GetFreq
                0x0000117c      0x140 ./drivers/fsl_clock.o
                0x0000117c                CLOCK_GetFreq
 .text.CLOCK_GetOutClkFreq
                0x000012bc       0x64 ./drivers/fsl_clock.o
                0x000012bc                CLOCK_GetOutClkFreq
 .text.CLOCK_GetFllFreq
                0x00001320       0x84 ./drivers/fsl_clock.o
                0x00001320                CLOCK_GetFllFreq
 .text.CLOCK_GetInternalRefClkFreq
                0x000013a4       0x30 ./drivers/fsl_clock.o
                0x000013a4                CLOCK_GetInternalRefClkFreq
 .text.CLOCK_GetPll0Freq
                0x000013d4       0x78 ./drivers/fsl_clock.o
                0x000013d4                CLOCK_GetPll0Freq
 .text.DSPI_GetInstance
                0x0000144c       0x4c ./drivers/fsl_dspi.o
                0x0000144c                DSPI_GetInstance
 .text.DSPI_GetDummyDataInstance
                0x00001498       0x24 ./drivers/fsl_dspi.o
                0x00001498                DSPI_GetDummyDataInstance
 .text.DSPI_SetDummyData
                0x000014bc       0x2c ./drivers/fsl_dspi.o
                0x000014bc                DSPI_SetDummyData
 .text.DSPI_MasterInit
                0x000014e8      0x16c ./drivers/fsl_dspi.o
                0x000014e8                DSPI_MasterInit
 .text.DSPI_MasterSetBaudRate
                0x00001654      0x12c ./drivers/fsl_dspi.o
                0x00001654                DSPI_MasterSetBaudRate
 .text.DSPI_MasterSetDelayScaler
                0x00001780       0xe8 ./drivers/fsl_dspi.o
                0x00001780                DSPI_MasterSetDelayScaler
 .text.DSPI_MasterSetDelayTimes
                0x00001868      0x130 ./drivers/fsl_dspi.o
                0x00001868                DSPI_MasterSetDelayTimes
 .text.DSPI_MasterTransferBlocking
                0x00001998      0x488 ./drivers/fsl_dspi.o
                0x00001998                DSPI_MasterTransferBlocking
 .text.DSPI_MasterHalfDuplexTransferBlocking
                0x00001e20       0xd0 ./drivers/fsl_dspi.o
                0x00001e20                DSPI_MasterHalfDuplexTransferBlocking
 .text.DSPI_CommonIRQHandler
                0x00001ef0       0x44 ./drivers/fsl_dspi.o
 .text.SPI0_DriverIRQHandler
                0x00001f34       0x30 ./drivers/fsl_dspi.o
                0x00001f34                SPI0_DriverIRQHandler
 .text.SPI1_DriverIRQHandler
                0x00001f64       0x30 ./drivers/fsl_dspi.o
                0x00001f64                SPI1_DriverIRQHandler
 .text.SPI2_DriverIRQHandler
                0x00001f94       0x30 ./drivers/fsl_dspi.o
                0x00001f94                SPI2_DriverIRQHandler
 .text.EDMA_HandleIRQ
                0x00001fc4      0x1b0 ./drivers/fsl_edma.o
                0x00001fc4                EDMA_HandleIRQ
 .text.DMA0_DriverIRQHandler
                0x00002174       0x1c ./drivers/fsl_edma.o
                0x00002174                DMA0_DriverIRQHandler
 .text.DMA1_DriverIRQHandler
                0x00002190       0x1c ./drivers/fsl_edma.o
                0x00002190                DMA1_DriverIRQHandler
 .text.DMA2_DriverIRQHandler
                0x000021ac       0x1c ./drivers/fsl_edma.o
                0x000021ac                DMA2_DriverIRQHandler
 .text.DMA3_DriverIRQHandler
                0x000021c8       0x1c ./drivers/fsl_edma.o
                0x000021c8                DMA3_DriverIRQHandler
 .text.DMA4_DriverIRQHandler
                0x000021e4       0x1c ./drivers/fsl_edma.o
                0x000021e4                DMA4_DriverIRQHandler
 .text.DMA5_DriverIRQHandler
                0x00002200       0x1c ./drivers/fsl_edma.o
                0x00002200                DMA5_DriverIRQHandler
 .text.DMA6_DriverIRQHandler
                0x0000221c       0x1c ./drivers/fsl_edma.o
                0x0000221c                DMA6_DriverIRQHandler
 .text.DMA7_DriverIRQHandler
                0x00002238       0x1c ./drivers/fsl_edma.o
                0x00002238                DMA7_DriverIRQHandler
 .text.DMA8_DriverIRQHandler
                0x00002254       0x1c ./drivers/fsl_edma.o
                0x00002254                DMA8_DriverIRQHandler
 .text.DMA9_DriverIRQHandler
                0x00002270       0x1c ./drivers/fsl_edma.o
                0x00002270                DMA9_DriverIRQHandler
 .text.DMA10_DriverIRQHandler
                0x0000228c       0x1c ./drivers/fsl_edma.o
                0x0000228c                DMA10_DriverIRQHandler
 .text.DMA11_DriverIRQHandler
                0x000022a8       0x1c ./drivers/fsl_edma.o
                0x000022a8                DMA11_DriverIRQHandler
 .text.DMA12_DriverIRQHandler
                0x000022c4       0x1c ./drivers/fsl_edma.o
                0x000022c4                DMA12_DriverIRQHandler
 .text.DMA13_DriverIRQHandler
                0x000022e0       0x1c ./drivers/fsl_edma.o
                0x000022e0                DMA13_DriverIRQHandler
 .text.DMA14_DriverIRQHandler
                0x000022fc       0x1c ./drivers/fsl_edma.o
                0x000022fc                DMA14_DriverIRQHandler
 .text.DMA15_DriverIRQHandler
                0x00002318       0x1c ./drivers/fsl_edma.o
                0x00002318                DMA15_DriverIRQHandler
 .text.GPIO_PinInit
                0x00002334       0x64 ./drivers/fsl_gpio.o
                0x00002334                GPIO_PinInit
 .text.I2C_TransferCommonIRQHandler
                0x00002398       0x58 ./drivers/fsl_i2c.o
 .text.I2C0_DriverIRQHandler
                0x000023f0       0x1c ./drivers/fsl_i2c.o
                0x000023f0                I2C0_DriverIRQHandler
 .text.I2C1_DriverIRQHandler
                0x0000240c       0x1c ./drivers/fsl_i2c.o
                0x0000240c                I2C1_DriverIRQHandler
 .text.I2C2_DriverIRQHandler
                0x00002428       0x1c ./drivers/fsl_i2c.o
                0x00002428                I2C2_DriverIRQHandler
 .text.PIT_GetInstance
                0x00002444       0x44 ./drivers/fsl_pit.o
 .text.PIT_Init
                0x00002488       0x94 ./drivers/fsl_pit.o
                0x00002488                PIT_Init
 .text.UART0_DriverIRQHandler
                0x0000251c       0x28 ./drivers/fsl_uart.o
                0x0000251c                UART0_DriverIRQHandler
 .text.UART1_DriverIRQHandler
                0x00002544       0x28 ./drivers/fsl_uart.o
                0x00002544                UART1_DriverIRQHandler
 .text.UART2_DriverIRQHandler
                0x0000256c       0x28 ./drivers/fsl_uart.o
                0x0000256c                UART2_DriverIRQHandler
 .text.UART3_DriverIRQHandler
                0x00002594       0x28 ./drivers/fsl_uart.o
                0x00002594                UART3_DriverIRQHandler
 .text.UART4_DriverIRQHandler
                0x000025bc       0x28 ./drivers/fsl_uart.o
                0x000025bc                UART4_DriverIRQHandler
 .text.UART5_DriverIRQHandler
                0x000025e4       0x28 ./drivers/fsl_uart.o
                0x000025e4                UART5_DriverIRQHandler
 .text.SystemInit
                0x0000260c       0x3c ./device/system_MK64F12.o
                0x0000260c                SystemInit
 .text.__assertion_failed
                0x00002648       0x4c d:/mcuxpressoide_11.9.0_2144/ide/plugins/com.nxp.mcuxpresso.tools.win32_11.9.0.202307121226/tools/bin/../lib/gcc/arm-none-eabi/12.3.1/../../../../arm-none-eabi/lib/thumb/v7e-m+fp/hard\libcr_semihost_nf.a(_cr_assert.o)
                0x00002648                __assertion_failed
 .text.__sys_appexit
                0x00002694        0xc d:/mcuxpressoide_11.9.0_2144/ide/plugins/com.nxp.mcuxpresso.tools.win32_11.9.0.202307121226/tools/bin/../lib/gcc/arm-none-eabi/12.3.1/../../../../arm-none-eabi/lib/thumb/v7e-m+fp/hard\libcr_semihost_nf.a(__sys_appexit.o)
                0x00002694                __sys_appexit
                0x00002694                __exit
 .text._Cwritebuf
                0x000026a0       0x6c d:/mcuxpressoide_11.9.0_2144/ide/plugins/com.nxp.mcuxpresso.tools.win32_11.9.0.202307121226/tools/bin/../lib/gcc/arm-none-eabi/12.3.1/../../../../arm-none-eabi/lib/thumb/v7e-m+fp/hard\libcr_c.a(_writebuf.o)
                0x000026a0                _Cwritebuf
 .text.malloc   0x0000270c       0xe8 d:/mcuxpressoide_11.9.0_2144/ide/plugins/com.nxp.mcuxpresso.tools.win32_11.9.0.202307121226/tools/bin/../lib/gcc/arm-none-eabi/12.3.1/../../../../arm-none-eabi/lib/thumb/v7e-m+fp/hard\libcr_c.a(alloc.o)
                0x0000270c                malloc
 .text._Csys_alloc
                0x000027f4       0x20 d:/mcuxpressoide_11.9.0_2144/ide/plugins/com.nxp.mcuxpresso.tools.win32_11.9.0.202307121226/tools/bin/../lib/gcc/arm-none-eabi/12.3.1/../../../../arm-none-eabi/lib/thumb/v7e-m+fp/hard\libcr_c.a(alloc.o)
                0x000027f4                _Csys_alloc
 .text.fseek    0x00002814       0xf8 d:/mcuxpressoide_11.9.0_2144/ide/plugins/com.nxp.mcuxpresso.tools.win32_11.9.0.202307121226/tools/bin/../lib/gcc/arm-none-eabi/12.3.1/../../../../arm-none-eabi/lib/thumb/v7e-m+fp/hard\libcr_c.a(fseek.o)
                0x00002814                fseek
 .text.ftell    0x0000290c       0x44 d:/mcuxpressoide_11.9.0_2144/ide/plugins/com.nxp.mcuxpresso.tools.win32_11.9.0.202307121226/tools/bin/../lib/gcc/arm-none-eabi/12.3.1/../../../../arm-none-eabi/lib/thumb/v7e-m+fp/hard\libcr_c.a(ftell.o)
                0x0000290c                ftell
 .text._initio  0x00002950       0x78 d:/mcuxpressoide_11.9.0_2144/ide/plugins/com.nxp.mcuxpresso.tools.win32_11.9.0.202307121226/tools/bin/../lib/gcc/arm-none-eabi/12.3.1/../../../../arm-none-eabi/lib/thumb/v7e-m+fp/hard\libcr_c.a(initio.o)
                0x00002950                _initio
 .text._sbrk    0x000029c8       0x3c d:/mcuxpressoide_11.9.0_2144/ide/plugins/com.nxp.mcuxpresso.tools.win32_11.9.0.202307121226/tools/bin/../lib/gcc/arm-none-eabi/12.3.1/../../../../arm-none-eabi/lib/thumb/v7e-m+fp/hard\libcr_c.a(_cr_sbrk.o)
                0x000029c8                _sbrk
 .text.fflush   0x00002a04       0x3c d:/mcuxpressoide_11.9.0_2144/ide/plugins/com.nxp.mcuxpresso.tools.win32_11.9.0.202307121226/tools/bin/../lib/gcc/arm-none-eabi/12.3.1/../../../../arm-none-eabi/lib/thumb/v7e-m+fp/hard\libcr_c.a(fflush.o)
                0x00002a04                fflush
 .text.__check_heap_overflow
                0x00002a40       0x18 d:/mcuxpressoide_11.9.0_2144/ide/plugins/com.nxp.mcuxpresso.tools.win32_11.9.0.202307121226/tools/bin/../lib/gcc/arm-none-eabi/12.3.1/../../../../arm-none-eabi/lib/thumb/v7e-m+fp/hard\libcr_c.a(_cr_check_heap.o)
                0x00002a40                __check_heap_overflow
 .text.DMA0_IRQHandler
                0x00002a58        0x8 ./startup/startup_mk64f12.o
                0x00002a58                DMA0_IRQHandler
 .text.DMA1_IRQHandler
                0x00002a60        0x8 ./startup/startup_mk64f12.o
                0x00002a60                DMA1_IRQHandler
 .text.DMA2_IRQHandler
                0x00002a68        0x8 ./startup/startup_mk64f12.o
                0x00002a68                DMA2_IRQHandler
 .text.DMA3_IRQHandler
                0x00002a70        0x8 ./startup/startup_mk64f12.o
                0x00002a70                DMA3_IRQHandler
 .text.DMA4_IRQHandler
                0x00002a78        0x8 ./startup/startup_mk64f12.o
                0x00002a78                DMA4_IRQHandler
 .text.DMA5_IRQHandler
                0x00002a80        0x8 ./startup/startup_mk64f12.o
                0x00002a80                DMA5_IRQHandler
 .text.DMA6_IRQHandler
                0x00002a88        0x8 ./startup/startup_mk64f12.o
                0x00002a88                DMA6_IRQHandler
 .text.DMA7_IRQHandler
                0x00002a90        0x8 ./startup/startup_mk64f12.o
                0x00002a90                DMA7_IRQHandler
 .text.DMA8_IRQHandler
                0x00002a98        0x8 ./startup/startup_mk64f12.o
                0x00002a98                DMA8_IRQHandler
 .text.DMA9_IRQHandler
                0x00002aa0        0x8 ./startup/startup_mk64f12.o
                0x00002aa0                DMA9_IRQHandler
 .text.DMA10_IRQHandler
                0x00002aa8        0x8 ./startup/startup_mk64f12.o
                0x00002aa8                DMA10_IRQHandler
 .text.DMA11_IRQHandler
                0x00002ab0        0x8 ./startup/startup_mk64f12.o
                0x00002ab0                DMA11_IRQHandler
 .text.DMA12_IRQHandler
                0x00002ab8        0x8 ./startup/startup_mk64f12.o
                0x00002ab8                DMA12_IRQHandler
 .text.DMA13_IRQHandler
                0x00002ac0        0x8 ./startup/startup_mk64f12.o
                0x00002ac0                DMA13_IRQHandler
 .text.DMA14_IRQHandler
                0x00002ac8        0x8 ./startup/startup_mk64f12.o
                0x00002ac8                DMA14_IRQHandler
 .text.DMA15_IRQHandler
                0x00002ad0        0x8 ./startup/startup_mk64f12.o
                0x00002ad0                DMA15_IRQHandler
 .text.DMA_Error_IRQHandler
                0x00002ad8        0x8 ./startup/startup_mk64f12.o
                0x00002ad8                DMA_Error_IRQHandler
 .text.MCM_IRQHandler
                0x00002ae0        0x8 ./startup/startup_mk64f12.o
                0x00002ae0                MCM_IRQHandler
 .text.FTFE_IRQHandler
                0x00002ae8        0x8 ./startup/startup_mk64f12.o
                0x00002ae8                FTFE_IRQHandler
 .text.Read_Collision_IRQHandler
                0x00002af0        0x8 ./startup/startup_mk64f12.o
                0x00002af0                Read_Collision_IRQHandler
 .text.LVD_LVW_IRQHandler
                0x00002af8        0x8 ./startup/startup_mk64f12.o
                0x00002af8                LVD_LVW_IRQHandler
 .text.LLWU_IRQHandler
                0x00002b00        0x8 ./startup/startup_mk64f12.o
                0x00002b00                LLWU_IRQHandler
 .text.WDOG_EWM_IRQHandler
                0x00002b08        0x8 ./startup/startup_mk64f12.o
                0x00002b08                WDOG_EWM_IRQHandler
 .text.RNG_IRQHandler
                0x00002b10        0x8 ./startup/startup_mk64f12.o
                0x00002b10                RNG_IRQHandler
 .text.I2C0_IRQHandler
                0x00002b18        0x8 ./startup/startup_mk64f12.o
                0x00002b18                I2C0_IRQHandler
 .text.I2C1_IRQHandler
                0x00002b20        0x8 ./startup/startup_mk64f12.o
                0x00002b20                I2C1_IRQHandler
 .text.SPI0_IRQHandler
                0x00002b28        0x8 ./startup/startup_mk64f12.o
                0x00002b28                SPI0_IRQHandler
 .text.SPI1_IRQHandler
                0x00002b30        0x8 ./startup/startup_mk64f12.o
                0x00002b30                SPI1_IRQHandler
 .text.I2S0_Tx_IRQHandler
                0x00002b38        0x8 ./startup/startup_mk64f12.o
                0x00002b38                I2S0_Tx_IRQHandler
 .text.I2S0_Rx_IRQHandler
                0x00002b40        0x8 ./startup/startup_mk64f12.o
                0x00002b40                I2S0_Rx_IRQHandler
 .text.UART0_LON_IRQHandler
                0x00002b48        0x8 ./startup/startup_mk64f12.o
                0x00002b48                UART0_LON_IRQHandler
 .text.UART0_RX_TX_IRQHandler
                0x00002b50        0x8 ./startup/startup_mk64f12.o
                0x00002b50                UART0_RX_TX_IRQHandler
 .text.UART0_ERR_IRQHandler
                0x00002b58        0x8 ./startup/startup_mk64f12.o
                0x00002b58                UART0_ERR_IRQHandler
 .text.UART1_RX_TX_IRQHandler
                0x00002b60        0x8 ./startup/startup_mk64f12.o
                0x00002b60                UART1_RX_TX_IRQHandler
 .text.UART1_ERR_IRQHandler
                0x00002b68        0x8 ./startup/startup_mk64f12.o
                0x00002b68                UART1_ERR_IRQHandler
 .text.UART2_RX_TX_IRQHandler
                0x00002b70        0x8 ./startup/startup_mk64f12.o
                0x00002b70                UART2_RX_TX_IRQHandler
 .text.UART2_ERR_IRQHandler
                0x00002b78        0x8 ./startup/startup_mk64f12.o
                0x00002b78                UART2_ERR_IRQHandler
 .text.UART3_RX_TX_IRQHandler
                0x00002b80        0x8 ./startup/startup_mk64f12.o
                0x00002b80                UART3_RX_TX_IRQHandler
 .text.UART3_ERR_IRQHandler
                0x00002b88        0x8 ./startup/startup_mk64f12.o
                0x00002b88                UART3_ERR_IRQHandler
 .text.ADC0_IRQHandler
                0x00002b90        0x8 ./startup/startup_mk64f12.o
                0x00002b90                ADC0_IRQHandler
 .text.CMP0_IRQHandler
                0x00002b98        0x8 ./startup/startup_mk64f12.o
                0x00002b98                CMP0_IRQHandler
 .text.CMP1_IRQHandler
                0x00002ba0        0x8 ./startup/startup_mk64f12.o
                0x00002ba0                CMP1_IRQHandler
 .text.FTM0_IRQHandler
                0x00002ba8        0x8 ./startup/startup_mk64f12.o
                0x00002ba8                FTM0_IRQHandler
 .text.FTM1_IRQHandler
                0x00002bb0        0x8 ./startup/startup_mk64f12.o
                0x00002bb0                FTM1_IRQHandler
 .text.FTM2_IRQHandler
                0x00002bb8        0x8 ./startup/startup_mk64f12.o
                0x00002bb8                FTM2_IRQHandler
 .text.CMT_IRQHandler
                0x00002bc0        0x8 ./startup/startup_mk64f12.o
                0x00002bc0                CMT_IRQHandler
 .text.RTC_IRQHandler
                0x00002bc8        0x8 ./startup/startup_mk64f12.o
                0x00002bc8                RTC_IRQHandler
 .text.RTC_Seconds_IRQHandler
                0x00002bd0        0x8 ./startup/startup_mk64f12.o
                0x00002bd0                RTC_Seconds_IRQHandler
 .text.PIT2_IRQHandler
                0x00002bd8        0x8 ./startup/startup_mk64f12.o
                0x00002bd8                PIT2_IRQHandler
 .text.PIT3_IRQHandler
                0x00002be0        0x8 ./startup/startup_mk64f12.o
                0x00002be0                PIT3_IRQHandler
 .text.PDB0_IRQHandler
                0x00002be8        0x8 ./startup/startup_mk64f12.o
                0x00002be8                PDB0_IRQHandler
 .text.USB0_IRQHandler
                0x00002bf0        0x8 ./startup/startup_mk64f12.o
                0x00002bf0                USB0_IRQHandler
 .text.USBDCD_IRQHandler
                0x00002bf8        0x8 ./startup/startup_mk64f12.o
                0x00002bf8                USBDCD_IRQHandler
 .text.Reserved71_IRQHandler
                0x00002c00        0x8 ./startup/startup_mk64f12.o
                0x00002c00                Reserved71_IRQHandler
 .text.DAC0_IRQHandler
                0x00002c08        0x8 ./startup/startup_mk64f12.o
                0x00002c08                DAC0_IRQHandler
 .text.MCG_IRQHandler
                0x00002c10        0x8 ./startup/startup_mk64f12.o
                0x00002c10                MCG_IRQHandler
 .text.LPTMR0_IRQHandler
                0x00002c18        0x8 ./startup/startup_mk64f12.o
                0x00002c18                LPTMR0_IRQHandler
 .text.PORTE_IRQHandler
                0x00002c20        0x8 ./startup/startup_mk64f12.o
                0x00002c20                PORTE_IRQHandler
 .text.SWI_IRQHandler
                0x00002c28        0x8 ./startup/startup_mk64f12.o
                0x00002c28                SWI_IRQHandler
 .text.SPI2_IRQHandler
                0x00002c30        0x8 ./startup/startup_mk64f12.o
                0x00002c30                SPI2_IRQHandler
 .text.UART4_RX_TX_IRQHandler
                0x00002c38        0x8 ./startup/startup_mk64f12.o
                0x00002c38                UART4_RX_TX_IRQHandler
 .text.UART4_ERR_IRQHandler
                0x00002c40        0x8 ./startup/startup_mk64f12.o
                0x00002c40                UART4_ERR_IRQHandler
 .text.UART5_RX_TX_IRQHandler
                0x00002c48        0x8 ./startup/startup_mk64f12.o
                0x00002c48                UART5_RX_TX_IRQHandler
 .text.UART5_ERR_IRQHandler
                0x00002c50        0x8 ./startup/startup_mk64f12.o
                0x00002c50                UART5_ERR_IRQHandler
 .text.CMP2_IRQHandler
                0x00002c58        0x8 ./startup/startup_mk64f12.o
                0x00002c58                CMP2_IRQHandler
 .text.FTM3_IRQHandler
                0x00002c60        0x8 ./startup/startup_mk64f12.o
                0x00002c60                FTM3_IRQHandler
 .text.DAC1_IRQHandler
                0x00002c68        0x8 ./startup/startup_mk64f12.o
                0x00002c68                DAC1_IRQHandler
 .text.ADC1_IRQHandler
                0x00002c70        0x8 ./startup/startup_mk64f12.o
                0x00002c70                ADC1_IRQHandler
 .text.I2C2_IRQHandler
                0x00002c78        0x8 ./startup/startup_mk64f12.o
                0x00002c78                I2C2_IRQHandler
 .text.CAN0_ORed_Message_buffer_IRQHandler
                0x00002c80        0x8 ./startup/startup_mk64f12.o
                0x00002c80                CAN0_ORed_Message_buffer_IRQHandler
 .text.CAN0_Bus_Off_IRQHandler
                0x00002c88        0x8 ./startup/startup_mk64f12.o
                0x00002c88                CAN0_Bus_Off_IRQHandler
 .text.CAN0_Error_IRQHandler
                0x00002c90        0x8 ./startup/startup_mk64f12.o
                0x00002c90                CAN0_Error_IRQHandler
 .text.CAN0_Tx_Warning_IRQHandler
                0x00002c98        0x8 ./startup/startup_mk64f12.o
                0x00002c98                CAN0_Tx_Warning_IRQHandler
 .text.CAN0_Rx_Warning_IRQHandler
                0x00002ca0        0x8 ./startup/startup_mk64f12.o
                0x00002ca0                CAN0_Rx_Warning_IRQHandler
 .text.CAN0_Wake_Up_IRQHandler
                0x00002ca8        0x8 ./startup/startup_mk64f12.o
                0x00002ca8                CAN0_Wake_Up_IRQHandler
 .text.SDHC_IRQHandler
                0x00002cb0        0x8 ./startup/startup_mk64f12.o
                0x00002cb0                SDHC_IRQHandler
 .text.ENET_1588_Timer_IRQHandler
                0x00002cb8        0x8 ./startup/startup_mk64f12.o
                0x00002cb8                ENET_1588_Timer_IRQHandler
 .text.ENET_Transmit_IRQHandler
                0x00002cc0        0x8 ./startup/startup_mk64f12.o
                0x00002cc0                ENET_Transmit_IRQHandler
 .text.ENET_Receive_IRQHandler
                0x00002cc8        0x8 ./startup/startup_mk64f12.o
                0x00002cc8                ENET_Receive_IRQHandler
 .text.ENET_Error_IRQHandler
                0x00002cd0        0x8 ./startup/startup_mk64f12.o
                0x00002cd0                ENET_Error_IRQHandler
 .text.PORT_SetMux
                0x00002cd8       0x3a ./source/GPIO.o
                0x00002cd8                PORT_SetMux
 .text.GPIO_PortSet
                0x00002d12       0x1c ./source/LCD_nokia.o
 .text.GPIO_PortClear
                0x00002d2e       0x1c ./source/LCD_nokia.o
 .text.PORT_SetPinMux
                0x00002d4a       0x3a ./source/LCD_nokia.o
 .text.LCD_nokia_bitmap
                0x00002d84       0x3a ./source/LCD_nokia.o
                0x00002d84                LCD_nokia_bitmap
 .text.LCD_nokia_clear
                0x00002dbe       0x36 ./source/LCD_nokia.o
                0x00002dbe                LCD_nokia_clear
 .text.LCD_nokia_goto_xy
                0x00002df4       0x38 ./source/LCD_nokia.o
                0x00002df4                LCD_nokia_goto_xy
 .text.LCD_nokia_delay
                0x00002e2c       0x2a ./source/LCD_nokia.o
                0x00002e2c                LCD_nokia_delay
 .text.PIT_ClearStatusFlags
                0x00002e56       0x2a ./source/PIT.o
 .text.EnableIRQ
                0x00002e80       0x32 ./source/main.o
 .text.PIT_EnableInterrupts
                0x00002eb2       0x3a ./source/main.o
 .text.PIT_StartTimer
                0x00002eec       0x38 ./source/main.o
 .text.HardFault_Handler
                0x00002f24       0x36 ./source/semihost_hardfault.o
                0x00002f24                HardFault_Handler
 .text.CLOCK_GetPll0RefFreq
                0x00002f5a        0xe ./drivers/fsl_clock.o
 .text.CLOCK_GetFixedFreqClkFreq
                0x00002f68       0x34 ./drivers/fsl_clock.o
                0x00002f68                CLOCK_GetFixedFreqClkFreq
 .text.CLOCK_EnableClock
                0x00002f9c       0x34 ./drivers/fsl_dspi.o
 .text.DSPI_Enable
                0x00002fd0       0x38 ./drivers/fsl_dspi.o
 .text.DSPI_GetStatusFlags
                0x00003008       0x18 ./drivers/fsl_dspi.o
 .text.DSPI_ClearStatusFlags
                0x00003020       0x1c ./drivers/fsl_dspi.o
 .text.DSPI_DisableInterrupts
                0x0000303c       0x24 ./drivers/fsl_dspi.o
 .text.DSPI_SetMasterSlaveMode
                0x00003060       0x2a ./drivers/fsl_dspi.o
 .text.DSPI_IsMaster
                0x0000308a       0x26 ./drivers/fsl_dspi.o
 .text.DSPI_StartTransfer
                0x000030b0       0x20 ./drivers/fsl_dspi.o
 .text.DSPI_StopTransfer
                0x000030d0       0x20 ./drivers/fsl_dspi.o
 .text.DSPI_FlushFifo
                0x000030f0       0x48 ./drivers/fsl_dspi.o
 .text.DSPI_MasterGetFormattedCommand
                0x00003138       0x4a ./drivers/fsl_dspi.o
 .text.DSPI_ReadData
                0x00003182       0x18 ./drivers/fsl_dspi.o
 .text.DSPI_SetOnePcsPolarity
                0x0000319a       0x4e ./drivers/fsl_dspi.o
 .text.GPIO_PinWrite
                0x000031e8       0x36 ./drivers/fsl_gpio.o
 .text.CLOCK_EnableClock
                0x0000321e       0x34 ./drivers/fsl_pit.o
 .text.UART0_RX_TX_DriverIRQHandler
                0x00003252       0x12 ./drivers/fsl_uart.o
                0x00003252                UART0_RX_TX_DriverIRQHandler
 .text.UART1_RX_TX_DriverIRQHandler
                0x00003264       0x12 ./drivers/fsl_uart.o
                0x00003264                UART1_RX_TX_DriverIRQHandler
 .text.UART2_RX_TX_DriverIRQHandler
                0x00003276       0x12 ./drivers/fsl_uart.o
                0x00003276                UART2_RX_TX_DriverIRQHandler
 .text.UART3_RX_TX_DriverIRQHandler
                0x00003288       0x12 ./drivers/fsl_uart.o
                0x00003288                UART3_RX_TX_DriverIRQHandler
 .text.UART4_RX_TX_DriverIRQHandler
                0x0000329a       0x12 ./drivers/fsl_uart.o
                0x0000329a                UART4_RX_TX_DriverIRQHandler
 .text.UART5_RX_TX_DriverIRQHandler
                0x000032ac       0x12 ./drivers/fsl_uart.o
                0x000032ac                UART5_RX_TX_DriverIRQHandler
 .text.SystemInitHook
                0x000032be        0xe ./device/system_MK64F12.o
                0x000032be                SystemInitHook
 .text.__main   0x000032cc        0xe d:/mcuxpressoide_11.9.0_2144/ide/plugins/com.nxp.mcuxpresso.tools.win32_11.9.0.202307121226/tools/bin/../lib/gcc/arm-none-eabi/12.3.1/../../../../arm-none-eabi/lib/thumb/v7e-m+fp/hard\libcr_semihost_nf.a(_cr__main.o)
                0x000032cc                __CR_SEMIHOST
                0x000032cc                __main
 .text.memset   0x000032da        0x4 d:/mcuxpressoide_11.9.0_2144/ide/plugins/com.nxp.mcuxpresso.tools.win32_11.9.0.202307121226/tools/bin/../lib/gcc/arm-none-eabi/12.3.1/../../../../arm-none-eabi/lib/thumb/v7e-m+fp/hard\libcr_c.a(memset.o)
                0x000032da                memset
 .text._deferredlazyseek
                0x000032de       0x40 d:/mcuxpressoide_11.9.0_2144/ide/plugins/com.nxp.mcuxpresso.tools.win32_11.9.0.202307121226/tools/bin/../lib/gcc/arm-none-eabi/12.3.1/../../../../arm-none-eabi/lib/thumb/v7e-m+fp/hard\libcr_c.a(_deferredlazyseek.o)
                0x000032de                _deferredlazyseek
 .text.__flsbuf
                0x0000331e      0x140 d:/mcuxpressoide_11.9.0_2144/ide/plugins/com.nxp.mcuxpresso.tools.win32_11.9.0.202307121226/tools/bin/../lib/gcc/arm-none-eabi/12.3.1/../../../../arm-none-eabi/lib/thumb/v7e-m+fp/hard\libcr_c.a(_deferredlazyseek.o)
                0x0000331e                __flsbuf
 .text._fflush  0x0000345e       0x52 d:/mcuxpressoide_11.9.0_2144/ide/plugins/com.nxp.mcuxpresso.tools.win32_11.9.0.202307121226/tools/bin/../lib/gcc/arm-none-eabi/12.3.1/../../../../arm-none-eabi/lib/thumb/v7e-m+fp/hard\libcr_c.a(_fflush.o)
                0x0000345e                _fflush
 .text.free     0x000034b0       0x30 d:/mcuxpressoide_11.9.0_2144/ide/plugins/com.nxp.mcuxpresso.tools.win32_11.9.0.202307121226/tools/bin/../lib/gcc/arm-none-eabi/12.3.1/../../../../arm-none-eabi/lib/thumb/v7e-m+fp/hard\libcr_c.a(alloc.o)
                0x000034b0                free
 .text.fputs    0x000034e0       0x2c d:/mcuxpressoide_11.9.0_2144/ide/plugins/com.nxp.mcuxpresso.tools.win32_11.9.0.202307121226/tools/bin/../lib/gcc/arm-none-eabi/12.3.1/../../../../arm-none-eabi/lib/thumb/v7e-m+fp/hard\libcr_c.a(fputs.o)
                0x000034e0                fputs
 .text.setvbuf  0x0000350c       0x3e d:/mcuxpressoide_11.9.0_2144/ide/plugins/com.nxp.mcuxpresso.tools.win32_11.9.0.202307121226/tools/bin/../lib/gcc/arm-none-eabi/12.3.1/../../../../arm-none-eabi/lib/thumb/v7e-m+fp/hard\libcr_c.a(setvbuf.o)
                0x0000350c                setvbuf
 .text.strlen   0x0000354a       0x4e d:/mcuxpressoide_11.9.0_2144/ide/plugins/com.nxp.mcuxpresso.tools.win32_11.9.0.202307121226/tools/bin/../lib/gcc/arm-none-eabi/12.3.1/../../../../arm-none-eabi/lib/thumb/v7e-m+fp/hard\libcr_c.a(strlen.o)
                0x0000354a                strlen
 .text._fdopen  0x00003598       0x68 d:/mcuxpressoide_11.9.0_2144/ide/plugins/com.nxp.mcuxpresso.tools.win32_11.9.0.202307121226/tools/bin/../lib/gcc/arm-none-eabi/12.3.1/../../../../arm-none-eabi/lib/thumb/v7e-m+fp/hard\libcr_c.a(_fdopen.o)
                0x00003598                _fdopen
 .text.fclose   0x00003600       0x58 d:/mcuxpressoide_11.9.0_2144/ide/plugins/com.nxp.mcuxpresso.tools.win32_11.9.0.202307121226/tools/bin/../lib/gcc/arm-none-eabi/12.3.1/../../../../arm-none-eabi/lib/thumb/v7e-m+fp/hard\libcr_c.a(fclose.o)
                0x00003600                fclose
 .text.remove   0x00003658       0x14 d:/mcuxpressoide_11.9.0_2144/ide/plugins/com.nxp.mcuxpresso.tools.win32_11.9.0.202307121226/tools/bin/../lib/gcc/arm-none-eabi/12.3.1/../../../../arm-none-eabi/lib/thumb/v7e-m+fp/hard\libcr_c.a(remove.o)
                0x00003658                remove
 .text._do_fflush
                0x0000366c       0x40 d:/mcuxpressoide_11.9.0_2144/ide/plugins/com.nxp.mcuxpresso.tools.win32_11.9.0.202307121226/tools/bin/../lib/gcc/arm-none-eabi/12.3.1/../../../../arm-none-eabi/lib/thumb/v7e-m+fp/hard\libcr_c.a(_do_fflush.o)
                0x0000366c                _do_fflush
 .text.__aeabi_division_uldivmod
                0x000036ac      0x174 d:/mcuxpressoide_11.9.0_2144/ide/plugins/com.nxp.mcuxpresso.tools.win32_11.9.0.202307121226/tools/bin/../lib/gcc/arm-none-eabi/12.3.1/thumb/v7e-m+fp/hard\libcr_eabihelpers.a(division_64.o)
                0x000036ac                __aeabi_uldivmod
                0x000036b0                __bhs_ldivmod1
 .text.__aeabi_division_idiv0
                0x00003820        0x2 d:/mcuxpressoide_11.9.0_2144/ide/plugins/com.nxp.mcuxpresso.tools.win32_11.9.0.202307121226/tools/bin/../lib/gcc/arm-none-eabi/12.3.1/thumb/v7e-m+fp/hard\libcr_eabihelpers.a(division_idiv0.o)
                0x00003820                __aeabi_idiv0
 .text.__aeabi_memset_lowlevel
                0x00003822       0x32 d:/mcuxpressoide_11.9.0_2144/ide/plugins/com.nxp.mcuxpresso.tools.win32_11.9.0.202307121226/tools/bin/../lib/gcc/arm-none-eabi/12.3.1/thumb/v7e-m+fp/hard\libcr_eabihelpers.a(memcpy.o)
                0x00003822                __aeabi_lowlevel_memset
 .text.__sys_close
                0x00003854        0xc d:/mcuxpressoide_11.9.0_2144/ide/plugins/com.nxp.mcuxpresso.tools.win32_11.9.0.202307121226/tools/bin/../lib/gcc/arm-none-eabi/12.3.1/../../../../arm-none-eabi/lib/thumb/v7e-m+fp/hard\libcr_semihost_nf.a(__sys_close.o)
                0x00003854                __sys_close
 .text.__sys_flen
                0x00003860        0xc d:/mcuxpressoide_11.9.0_2144/ide/plugins/com.nxp.mcuxpresso.tools.win32_11.9.0.202307121226/tools/bin/../lib/gcc/arm-none-eabi/12.3.1/../../../../arm-none-eabi/lib/thumb/v7e-m+fp/hard\libcr_semihost_nf.a(__sys_flen.o)
                0x00003860                __sys_flen
 .text.__sys_istty
                0x0000386c        0xc d:/mcuxpressoide_11.9.0_2144/ide/plugins/com.nxp.mcuxpresso.tools.win32_11.9.0.202307121226/tools/bin/../lib/gcc/arm-none-eabi/12.3.1/../../../../arm-none-eabi/lib/thumb/v7e-m+fp/hard\libcr_semihost_nf.a(__sys_istty.o)
                0x0000386c                __sys_istty
 .text.__sys_remove
                0x00003878        0xc d:/mcuxpressoide_11.9.0_2144/ide/plugins/com.nxp.mcuxpresso.tools.win32_11.9.0.202307121226/tools/bin/../lib/gcc/arm-none-eabi/12.3.1/../../../../arm-none-eabi/lib/thumb/v7e-m+fp/hard\libcr_semihost_nf.a(__sys_remove.o)
                0x00003878                __sys_remove
 .text.__sys_seek
                0x00003884        0xc d:/mcuxpressoide_11.9.0_2144/ide/plugins/com.nxp.mcuxpresso.tools.win32_11.9.0.202307121226/tools/bin/../lib/gcc/arm-none-eabi/12.3.1/../../../../arm-none-eabi/lib/thumb/v7e-m+fp/hard\libcr_semihost_nf.a(__sys_seek.o)
                0x00003884                __sys_seek
 .text.__sys_tmpnam
                0x00003890        0xc d:/mcuxpressoide_11.9.0_2144/ide/plugins/com.nxp.mcuxpresso.tools.win32_11.9.0.202307121226/tools/bin/../lib/gcc/arm-none-eabi/12.3.1/../../../../arm-none-eabi/lib/thumb/v7e-m+fp/hard\libcr_semihost_nf.a(__sys_tmpnam.o)
                0x00003890                __sys_tmpnam
 .text.__sys_write
                0x0000389c        0xc d:/mcuxpressoide_11.9.0_2144/ide/plugins/com.nxp.mcuxpresso.tools.win32_11.9.0.202307121226/tools/bin/../lib/gcc/arm-none-eabi/12.3.1/../../../../arm-none-eabi/lib/thumb/v7e-m+fp/hard\libcr_semihost_nf.a(__sys_write.o)
                0x0000389c                __sys_write
 *(SORT_BY_ALIGNMENT(.rodata) SORT_BY_ALIGNMENT(.rodata.*) SORT_BY_ALIGNMENT(.constdata) SORT_BY_ALIGNMENT(.constdata.*))
 .rodata.arr_portBases
                0x000038a8       0x14 ./source/GPIO.o
 .rodata.arr_gpioBases
                0x000038bc       0x14 ./source/GPIO.o
 .rodata.GPIO_GetInstance.str1.4
                0x000038d0       0x31 ./source/GPIO.o
 *fill*         0x00003901        0x3 ff
 .rodata        0x00003904        0x2 ./source/LCD_nokia.o
 *fill*         0x00003906        0x2 ff
 .rodata.ITESO  0x00003908      0x1f8 ./source/LCD_nokia_images.o
                0x00003908                ITESO
 .rodata.PIT_GetDefaultConfig.str1.4
                0x00003b00       0x4e ./source/main.o
 *fill*         0x00003b4e        0x2 ff
 .rodata        0x00003b50       0x14 ./source/main.o
 .rodata.CLOCK_GetMcgExtClkFreq.str1.4
                0x00003b64       0x49 ./drivers/fsl_clock.o
 *fill*         0x00003bad        0x3 ff
 .rodata.CLOCK_GetOsc0ErClkFreq.str1.4
                0x00003bb0       0x1e ./drivers/fsl_clock.o
 *fill*         0x00003bce        0x2 ff
 .rodata.CLOCK_GetEr32kClkFreq.str1.4
                0x00003bd0       0x1f ./drivers/fsl_clock.o
 *fill*         0x00003bef        0x1 ff
 .rodata.CLOCK_GetPll0Freq.str1.4
                0x00003bf0       0x1d ./drivers/fsl_clock.o
 *fill*         0x00003c0d        0x3 ff
 .rodata.fllFactorTable.1
                0x00003c10       0x10 ./drivers/fsl_clock.o
 .rodata.s_baudratePrescaler
                0x00003c20       0x10 ./drivers/fsl_dspi.o
 .rodata.s_baudrateScaler
                0x00003c30       0x40 ./drivers/fsl_dspi.o
 .rodata.s_delayPrescaler
                0x00003c70       0x10 ./drivers/fsl_dspi.o
 .rodata.s_delayScaler
                0x00003c80       0x40 ./drivers/fsl_dspi.o
 .rodata.s_dspiBases
                0x00003cc0        0xc ./drivers/fsl_dspi.o
 .rodata.s_dspiClock
                0x00003ccc        0xc ./drivers/fsl_dspi.o
 .rodata.DSPI_GetInstance.str1.4
                0x00003cd8       0x34 ./drivers/fsl_dspi.o
 .rodata.DSPI_MasterInit.str1.4
                0x00003d0c       0x3f ./drivers/fsl_dspi.o
 *fill*         0x00003d4b        0x1 ff
 .rodata.DSPI_MasterSetDelayScaler.str1.4
                0x00003d4c       0x17 ./drivers/fsl_dspi.o
 *fill*         0x00003d63        0x1 ff
 .rodata.DSPI_MasterTransferBlocking.str1.4
                0x00003d64       0x22 ./drivers/fsl_dspi.o
 *fill*         0x00003d86        0x2 ff
 .rodata.DSPI_MasterHalfDuplexTransferBlocking.str1.4
                0x00003d88       0x1f ./drivers/fsl_dspi.o
 *fill*         0x00003da7        0x1 ff
 .rodata.SPI0_DriverIRQHandler.str1.4
                0x00003da8       0x2a ./drivers/fsl_dspi.o
 *fill*         0x00003dd2        0x2 ff
 .rodata.SPI1_DriverIRQHandler.str1.4
                0x00003dd4       0x2a ./drivers/fsl_dspi.o
 *fill*         0x00003dfe        0x2 ff
 .rodata.SPI2_DriverIRQHandler.str1.4
                0x00003e00       0x2a ./drivers/fsl_dspi.o
 *fill*         0x00003e2a        0x2 ff
 .rodata.EDMA_HandleIRQ.str1.4
                0x00003e2c       0x21 ./drivers/fsl_edma.o
 *fill*         0x00003e4d        0x3 ff
 .rodata.GPIO_PinInit.str1.4
                0x00003e50       0x20 ./drivers/fsl_gpio.o
 .rodata.PIT_GetInstance.str1.4
                0x00003e70       0x31 ./drivers/fsl_pit.o
 *fill*         0x00003ea1        0x3 ff
 .rodata.PIT_Init.str1.4
                0x00003ea4       0x1e ./drivers/fsl_pit.o
 *fill*         0x00003ec2        0x2 ff
 .rodata.__num_Ciob_streams
                0x00003ec4        0x4 d:/mcuxpressoide_11.9.0_2144/ide/plugins/com.nxp.mcuxpresso.tools.win32_11.9.0.202307121226/tools/bin/../lib/gcc/arm-none-eabi/12.3.1/../../../../arm-none-eabi/lib/thumb/v7e-m+fp/hard\libcr_semihost_nf.a(__ciob.o)
                0x00003ec4                __num_Ciob_streams
 .rodata.__assertion_failed.str1.1
                0x00003ec8       0x15 d:/mcuxpressoide_11.9.0_2144/ide/plugins/com.nxp.mcuxpresso.tools.win32_11.9.0.202307121226/tools/bin/../lib/gcc/arm-none-eabi/12.3.1/../../../../arm-none-eabi/lib/thumb/v7e-m+fp/hard\libcr_semihost_nf.a(_cr_assert.o)
 .rodata._Csys_alloc.str1.1
                0x00003edd       0x18 d:/mcuxpressoide_11.9.0_2144/ide/plugins/com.nxp.mcuxpresso.tools.win32_11.9.0.202307121226/tools/bin/../lib/gcc/arm-none-eabi/12.3.1/../../../../arm-none-eabi/lib/thumb/v7e-m+fp/hard\libcr_c.a(alloc.o)
 .rodata._initio.str1.1
                0x00003ef5        0x4 d:/mcuxpressoide_11.9.0_2144/ide/plugins/com.nxp.mcuxpresso.tools.win32_11.9.0.202307121226/tools/bin/../lib/gcc/arm-none-eabi/12.3.1/../../../../arm-none-eabi/lib/thumb/v7e-m+fp/hard\libcr_c.a(initio.o)
                0x00003f00                        . = ALIGN (0x8)
 *fill*         0x00003ef9        0x7 ff

.glue_7         0x00003f00        0x0
 .glue_7        0x00003f00        0x0 linker stubs

.glue_7t        0x00003f00        0x0
 .glue_7t       0x00003f00        0x0 linker stubs

.vfp11_veneer   0x00003f00        0x0
 .vfp11_veneer  0x00003f00        0x0 linker stubs

.v4_bx          0x00003f00        0x0
 .v4_bx         0x00003f00        0x0 linker stubs

.iplt           0x00003f00        0x0
 .iplt          0x00003f00        0x0 ./startup/startup_mk64f12.o

.rel.dyn        0x00003f00        0x0
 .rel.iplt      0x00003f00        0x0 ./startup/startup_mk64f12.o

.ARM.extab
 *(SORT_BY_ALIGNMENT(.ARM.extab*) SORT_BY_ALIGNMENT(.gnu.linkonce.armextab.*))

.ARM.exidx      0x00003f00        0x0
                0x00003f00                        __exidx_start = .
 *(SORT_BY_ALIGNMENT(.ARM.exidx*) SORT_BY_ALIGNMENT(.gnu.linkonce.armexidx.*))
                0x00003f00                        __exidx_end = .
                0x00003f00                        _etext = .

.m_usb_data
 *(SORT_BY_ALIGNMENT(m_usb_bdt))

.data_RAM2      0x1fff0000        0x0 load address 0x00003f00
 FILL mask 0xff
                [!provide]                        PROVIDE (__start_data_RAM2 = .)
                [!provide]                        PROVIDE (__start_data_SRAM_LOWER = .)
 *(SORT_BY_ALIGNMENT(.ramfunc.$RAM2))
 *(SORT_BY_ALIGNMENT(.ramfunc.$SRAM_LOWER))
 *(SORT_BY_ALIGNMENT(.data.$RAM2))
 *(SORT_BY_ALIGNMENT(.data.$SRAM_LOWER))
 *(SORT_BY_ALIGNMENT(.data.$RAM2.*))
 *(SORT_BY_ALIGNMENT(.data.$SRAM_LOWER.*))
                0x1fff0000                        . = ALIGN (0x8)
                [!provide]                        PROVIDE (__end_data_RAM2 = .)
                [!provide]                        PROVIDE (__end_data_SRAM_LOWER = .)

.data_RAM3      0x14000000        0x0 load address 0x00003f00
 FILL mask 0xff
                [!provide]                        PROVIDE (__start_data_RAM3 = .)
                [!provide]                        PROVIDE (__start_data_FLEX_RAM = .)
 *(SORT_BY_ALIGNMENT(.ramfunc.$RAM3))
 *(SORT_BY_ALIGNMENT(.ramfunc.$FLEX_RAM))
 *(SORT_BY_ALIGNMENT(.data.$RAM3))
 *(SORT_BY_ALIGNMENT(.data.$FLEX_RAM))
 *(SORT_BY_ALIGNMENT(.data.$RAM3.*))
 *(SORT_BY_ALIGNMENT(.data.$FLEX_RAM.*))
                0x14000000                        . = ALIGN (0x8)
                [!provide]                        PROVIDE (__end_data_RAM3 = .)
                [!provide]                        PROVIDE (__end_data_FLEX_RAM = .)

.uninit_RESERVED
                0x20000000        0x0
                0x20000000                        _start_uninit_RESERVED = .
 *(SORT_BY_ALIGNMENT(.bss.$RESERVED*))
                0x20000000                        . = ALIGN (0x8)
                0x20000000                        _end_uninit_RESERVED = .

.data           0x20000000       0x20 load address 0x00003f00
 FILL mask 0xff
                0x20000000                        _data = .
                [!provide]                        PROVIDE (__start_data_RAM = .)
                [!provide]                        PROVIDE (__start_data_SRAM_UPPER = .)
 *(SORT_BY_ALIGNMENT(vtable))
 *(SORT_BY_ALIGNMENT(.ramfunc*))
 *(SORT_BY_ALIGNMENT(CodeQuickAccess))
 *(SORT_BY_ALIGNMENT(DataQuickAccess))
 *(SORT_BY_ALIGNMENT(RamFunction))
 *(SORT_BY_ALIGNMENT(.data*))
 .data.IMG_ADDRS
                0x20000000       0x14 ./source/main.o
 .data.s_slowIrcFreq
                0x20000014        0x4 ./drivers/fsl_clock.o
 .data.s_fastIrcFreq
                0x20000018        0x4 ./drivers/fsl_clock.o
                0x20000020                        . = ALIGN (0x8)
 *fill*         0x2000001c        0x4 ff
                0x20000020                        _edata = .
                [!provide]                        PROVIDE (__end_data_RAM = .)
                [!provide]                        PROVIDE (__end_data_SRAM_UPPER = .)

.igot.plt       0x20000020        0x0 load address 0x00003f20
 .igot.plt      0x20000020        0x0 ./startup/startup_mk64f12.o

.bss_RAM2       0x1fff0000        0x0
                [!provide]                        PROVIDE (__start_bss_RAM2 = .)
                [!provide]                        PROVIDE (__start_bss_SRAM_LOWER = .)
 *(SORT_BY_ALIGNMENT(.bss.$RAM2))
 *(SORT_BY_ALIGNMENT(.bss.$SRAM_LOWER))
 *(SORT_BY_ALIGNMENT(.bss.$RAM2.*))
 *(SORT_BY_ALIGNMENT(.bss.$SRAM_LOWER.*))
                0x1fff0000                        . = ALIGN ((. != 0x0)?0x8:0x1)
                [!provide]                        PROVIDE (__end_bss_RAM2 = .)
                [!provide]                        PROVIDE (__end_bss_SRAM_LOWER = .)

.bss_RAM3       0x14000000        0x0
                [!provide]                        PROVIDE (__start_bss_RAM3 = .)
                [!provide]                        PROVIDE (__start_bss_FLEX_RAM = .)
 *(SORT_BY_ALIGNMENT(.bss.$RAM3))
 *(SORT_BY_ALIGNMENT(.bss.$FLEX_RAM))
 *(SORT_BY_ALIGNMENT(.bss.$RAM3.*))
 *(SORT_BY_ALIGNMENT(.bss.$FLEX_RAM.*))
                0x14000000                        . = ALIGN ((. != 0x0)?0x8:0x1)
                [!provide]                        PROVIDE (__end_bss_RAM3 = .)
                [!provide]                        PROVIDE (__end_bss_FLEX_RAM = .)

.bss            0x20000020      0xb40
                0x20000020                        _bss = .
                [!provide]                        PROVIDE (__start_bss_RAM = .)
                [!provide]                        PROVIDE (__start_bss_SRAM_UPPER = .)
 *(SORT_BY_ALIGNMENT(.bss*))
 .bss.gb_intr_status_flag
                0x20000020        0x1 ./source/GPIO.o
 *fill*         0x20000021        0x3 
 .bss.gc_intr_status_flag
                0x20000024        0x1 ./source/GPIO.o
 *fill*         0x20000025        0x3 
 .bss.PTA4_callback
                0x20000028        0x4 ./source/GPIO.o
 .bss.PIT1_callback
                0x2000002c        0x4 ./source/PIT.o
 .bss.IMG1_DATA
                0x20000030      0x1f8 ./source/main.o
 .bss.IMG2_DATA
                0x20000228      0x1f8 ./source/main.o
 .bss.IMG3_DATA
                0x20000420      0x1f8 ./source/main.o
 .bss.IMG4_DATA
                0x20000618      0x1f8 ./source/main.o
 .bss.IMG5_DATA
                0x20000810      0x1f8 ./source/main.o
 .bss.g_xtal0Freq
                0x20000a08        0x4 ./drivers/fsl_clock.o
                0x20000a08                g_xtal0Freq
 .bss.g_xtal32Freq
                0x20000a0c        0x4 ./drivers/fsl_clock.o
                0x20000a0c                g_xtal32Freq
 .bss.g_dspiHandle
                0x20000a10        0xc ./drivers/fsl_dspi.o
 .bss.s_dspiMasterIsr
                0x20000a1c        0x4 ./drivers/fsl_dspi.o
 .bss.s_dspiSlaveIsr
                0x20000a20        0x4 ./drivers/fsl_dspi.o
 .bss.g_dspiDummyData
                0x20000a24        0x3 ./drivers/fsl_dspi.o
                0x20000a24                g_dspiDummyData
 *fill*         0x20000a27        0x1 
 .bss.s_EDMAHandle
                0x20000a28       0x40 ./drivers/fsl_edma.o
 .bss.s_i2cHandle
                0x20000a68        0xc ./drivers/fsl_i2c.o
 .bss.s_i2cMasterIsr
                0x20000a74        0x4 ./drivers/fsl_i2c.o
 .bss.s_i2cSlaveIsr
                0x20000a78        0x4 ./drivers/fsl_i2c.o
 .bss.s_uartHandle
                0x20000a7c       0x18 ./drivers/fsl_uart.o
                0x20000a7c                s_uartHandle
 .bss.s_uartIsr
                0x20000a94        0x4 ./drivers/fsl_uart.o
                0x20000a94                s_uartIsr
 .bss.__Ciob    0x20000a98       0xb4 d:/mcuxpressoide_11.9.0_2144/ide/plugins/com.nxp.mcuxpresso.tools.win32_11.9.0.202307121226/tools/bin/../lib/gcc/arm-none-eabi/12.3.1/../../../../arm-none-eabi/lib/thumb/v7e-m+fp/hard\libcr_semihost_nf.a(__ciob.o)
                0x20000a98                __Ciob
 .bss.errno     0x20000b4c        0x4 d:/mcuxpressoide_11.9.0_2144/ide/plugins/com.nxp.mcuxpresso.tools.win32_11.9.0.202307121226/tools/bin/../lib/gcc/arm-none-eabi/12.3.1/../../../../arm-none-eabi/lib/thumb/v7e-m+fp/hard\libcr_c.a(errno.o)
                0x20000b4c                errno
 .bss.__end_of_heap
                0x20000b50        0x4 d:/mcuxpressoide_11.9.0_2144/ide/plugins/com.nxp.mcuxpresso.tools.win32_11.9.0.202307121226/tools/bin/../lib/gcc/arm-none-eabi/12.3.1/../../../../arm-none-eabi/lib/thumb/v7e-m+fp/hard\libcr_c.a(__init_alloc.o)
                0x20000b50                __end_of_heap
 .bss.__heaps   0x20000b54        0x4 d:/mcuxpressoide_11.9.0_2144/ide/plugins/com.nxp.mcuxpresso.tools.win32_11.9.0.202307121226/tools/bin/../lib/gcc/arm-none-eabi/12.3.1/../../../../arm-none-eabi/lib/thumb/v7e-m+fp/hard\libcr_c.a(__init_alloc.o)
                0x20000b54                __heaps
 .bss.B11_counter
                0x20000b58        0x1 ./source/GPIO.o
 .bss.C11_counter
                0x20000b59        0x1 ./source/GPIO.o
 .bss.C10_counter
                0x20000b5a        0x1 ./source/GPIO.o
 .bss.temp      0x20000b5b        0x1 ./source/PIT.o
 .bss.PIT_IR_Flag
                0x20000b5c        0x1 ./source/PIT.o
 .bss.img_counter
                0x20000b5d        0x1 ./source/main.o
 *(SORT_BY_ALIGNMENT(COMMON))
                0x20000b60                        . = ALIGN (0x8)
 *fill*         0x20000b5e        0x2 
                0x20000b60                        _ebss = .
                [!provide]                        PROVIDE (__end_bss_RAM = .)
                [!provide]                        PROVIDE (__end_bss_SRAM_UPPER = .)
                [!provide]                        PROVIDE (end = .)

.noinit_RAM2    0x1fff0000        0x0
                [!provide]                        PROVIDE (__start_noinit_RAM2 = .)
                [!provide]                        PROVIDE (__start_noinit_SRAM_LOWER = .)
 *(SORT_BY_ALIGNMENT(.noinit.$RAM2))
 *(SORT_BY_ALIGNMENT(.noinit.$SRAM_LOWER))
 *(SORT_BY_ALIGNMENT(.noinit.$RAM2.*))
 *(SORT_BY_ALIGNMENT(.noinit.$SRAM_LOWER.*))
                0x1fff0000                        . = ALIGN (0x8)
                [!provide]                        PROVIDE (__end_noinit_RAM2 = .)
                [!provide]                        PROVIDE (__end_noinit_SRAM_LOWER = .)

.noinit_RAM3    0x14000000        0x0
                [!provide]                        PROVIDE (__start_noinit_RAM3 = .)
                [!provide]                        PROVIDE (__start_noinit_FLEX_RAM = .)
 *(SORT_BY_ALIGNMENT(.noinit.$RAM3))
 *(SORT_BY_ALIGNMENT(.noinit.$FLEX_RAM))
 *(SORT_BY_ALIGNMENT(.noinit.$RAM3.*))
 *(SORT_BY_ALIGNMENT(.noinit.$FLEX_RAM.*))
                0x14000000                        . = ALIGN (0x8)
                [!provide]                        PROVIDE (__end_noinit_RAM3 = .)
                [!provide]                        PROVIDE (__end_noinit_FLEX_RAM = .)

.noinit         0x20000b60        0x0
                0x20000b60                        _noinit = .
                [!provide]                        PROVIDE (__start_noinit_RAM = .)
                [!provide]                        PROVIDE (__start_noinit_SRAM_UPPER = .)
 *(SORT_BY_ALIGNMENT(.noinit*))
                0x20000b60                        . = ALIGN (0x8)
                0x20000b60                        _end_noinit = .
                [!provide]                        PROVIDE (__end_noinit_RAM = .)
                [!provide]                        PROVIDE (__end_noinit_SRAM_UPPER = .)
                0x00001000                        _HeapSize = 0x1000

.heap           0x20000b60     0x1000
                0x20000b60                        _pvHeapStart = .
                0x20001b60                        . = (. + _HeapSize)
 *fill*         0x20000b60     0x1000 
                0x20001b60                        . = ALIGN (0x8)
                0x20001b60                        _pvHeapLimit = .
                0x00001000                        _StackSize = 0x1000

.heap2stackfill
                0x20001b60     0x1000
                0x20002b60                        . = (. + _StackSize)
 *fill*         0x20001b60     0x1000 

.stack          0x2002f000        0x0
                0x2002f000                        _vStackBase = .
                0x2002f000                        . = ALIGN (0x8)
                0x20030000                        _vStackTop = (. + _StackSize)
                0x00000000                        _image_start = LOADADDR (.text)
                0x00003f20                        _image_end = (LOADADDR (.data) + SIZEOF (.data))
                0x00003f20                        _image_size = (_image_end - _image_start)
OUTPUT(LCD_Nokia_EEPROM.axf elf32-littlearm)
LOAD linker stubs

.debug_info     0x00000000    0x13b8d
 .debug_info    0x00000000      0xcfa ./startup/startup_mk64f12.o
 .debug_info    0x00000cfa     0x1168 ./source/GPIO.o
 .debug_info    0x00001e62      0xbd2 ./source/LCD_nokia.o
 .debug_info    0x00002a34       0xa1 ./source/LCD_nokia_images.o
 .debug_info    0x00002ad5      0xb5f ./source/PIT.o
 .debug_info    0x00003634      0x4fc ./source/S25FL164K.o
 .debug_info    0x00003b30      0x917 ./source/SPI.o
 .debug_info    0x00004447      0xc22 ./source/main.o
 .debug_info    0x00005069       0x3c ./source/semihost_hardfault.o
 .debug_info    0x000050a5     0x21e2 ./drivers/fsl_clock.o
 .debug_info    0x00007287     0x2616 ./drivers/fsl_dspi.o
 .debug_info    0x0000989d     0x23fa ./drivers/fsl_edma.o
 .debug_info    0x0000bc97      0x6bb ./drivers/fsl_gpio.o
 .debug_info    0x0000c352     0x1ed1 ./drivers/fsl_i2c.o
 .debug_info    0x0000e223      0x78a ./drivers/fsl_pit.o
 .debug_info    0x0000e9ad     0x1fcf ./drivers/fsl_uart.o
 .debug_info    0x0001097c      0x649 ./device/system_MK64F12.o
 .debug_info    0x00010fc5       0x85 d:/mcuxpressoide_11.9.0_2144/ide/plugins/com.nxp.mcuxpresso.tools.win32_11.9.0.202307121226/tools/bin/../lib/gcc/arm-none-eabi/12.3.1/../../../../arm-none-eabi/lib/thumb/v7e-m+fp/hard\libcr_semihost_nf.a(_cr__main.o)
 .debug_info    0x0001104a      0x22e d:/mcuxpressoide_11.9.0_2144/ide/plugins/com.nxp.mcuxpresso.tools.win32_11.9.0.202307121226/tools/bin/../lib/gcc/arm-none-eabi/12.3.1/../../../../arm-none-eabi/lib/thumb/v7e-m+fp/hard\libcr_semihost_nf.a(_cr_assert.o)
 .debug_info    0x00011278      0x18b d:/mcuxpressoide_11.9.0_2144/ide/plugins/com.nxp.mcuxpresso.tools.win32_11.9.0.202307121226/tools/bin/../lib/gcc/arm-none-eabi/12.3.1/../../../../arm-none-eabi/lib/thumb/v7e-m+fp/hard\libcr_semihost_nf.a(__ciob.o)
 .debug_info    0x00011403       0xe3 d:/mcuxpressoide_11.9.0_2144/ide/plugins/com.nxp.mcuxpresso.tools.win32_11.9.0.202307121226/tools/bin/../lib/gcc/arm-none-eabi/12.3.1/../../../../arm-none-eabi/lib/thumb/v7e-m+fp/hard\libcr_c.a(memset.o)
 .debug_info    0x000114e6      0x362 d:/mcuxpressoide_11.9.0_2144/ide/plugins/com.nxp.mcuxpresso.tools.win32_11.9.0.202307121226/tools/bin/../lib/gcc/arm-none-eabi/12.3.1/../../../../arm-none-eabi/lib/thumb/v7e-m+fp/hard\libcr_c.a(_deferredlazyseek.o)
 .debug_info    0x00011848      0x1e3 d:/mcuxpressoide_11.9.0_2144/ide/plugins/com.nxp.mcuxpresso.tools.win32_11.9.0.202307121226/tools/bin/../lib/gcc/arm-none-eabi/12.3.1/../../../../arm-none-eabi/lib/thumb/v7e-m+fp/hard\libcr_c.a(_fflush.o)
 .debug_info    0x00011a2b      0x282 d:/mcuxpressoide_11.9.0_2144/ide/plugins/com.nxp.mcuxpresso.tools.win32_11.9.0.202307121226/tools/bin/../lib/gcc/arm-none-eabi/12.3.1/../../../../arm-none-eabi/lib/thumb/v7e-m+fp/hard\libcr_c.a(_writebuf.o)
 .debug_info    0x00011cad      0x506 d:/mcuxpressoide_11.9.0_2144/ide/plugins/com.nxp.mcuxpresso.tools.win32_11.9.0.202307121226/tools/bin/../lib/gcc/arm-none-eabi/12.3.1/../../../../arm-none-eabi/lib/thumb/v7e-m+fp/hard\libcr_c.a(alloc.o)
 .debug_info    0x000121b3       0x44 d:/mcuxpressoide_11.9.0_2144/ide/plugins/com.nxp.mcuxpresso.tools.win32_11.9.0.202307121226/tools/bin/../lib/gcc/arm-none-eabi/12.3.1/../../../../arm-none-eabi/lib/thumb/v7e-m+fp/hard\libcr_c.a(errno.o)
 .debug_info    0x000121f7      0x1e0 d:/mcuxpressoide_11.9.0_2144/ide/plugins/com.nxp.mcuxpresso.tools.win32_11.9.0.202307121226/tools/bin/../lib/gcc/arm-none-eabi/12.3.1/../../../../arm-none-eabi/lib/thumb/v7e-m+fp/hard\libcr_c.a(fputs.o)
 .debug_info    0x000123d7      0x276 d:/mcuxpressoide_11.9.0_2144/ide/plugins/com.nxp.mcuxpresso.tools.win32_11.9.0.202307121226/tools/bin/../lib/gcc/arm-none-eabi/12.3.1/../../../../arm-none-eabi/lib/thumb/v7e-m+fp/hard\libcr_c.a(fseek.o)
 .debug_info    0x0001264d      0x190 d:/mcuxpressoide_11.9.0_2144/ide/plugins/com.nxp.mcuxpresso.tools.win32_11.9.0.202307121226/tools/bin/../lib/gcc/arm-none-eabi/12.3.1/../../../../arm-none-eabi/lib/thumb/v7e-m+fp/hard\libcr_c.a(ftell.o)
 .debug_info    0x000127dd      0x339 d:/mcuxpressoide_11.9.0_2144/ide/plugins/com.nxp.mcuxpresso.tools.win32_11.9.0.202307121226/tools/bin/../lib/gcc/arm-none-eabi/12.3.1/../../../../arm-none-eabi/lib/thumb/v7e-m+fp/hard\libcr_c.a(initio.o)
 .debug_info    0x00012b16      0x1f6 d:/mcuxpressoide_11.9.0_2144/ide/plugins/com.nxp.mcuxpresso.tools.win32_11.9.0.202307121226/tools/bin/../lib/gcc/arm-none-eabi/12.3.1/../../../../arm-none-eabi/lib/thumb/v7e-m+fp/hard\libcr_c.a(setvbuf.o)
 .debug_info    0x00012d0c       0xda d:/mcuxpressoide_11.9.0_2144/ide/plugins/com.nxp.mcuxpresso.tools.win32_11.9.0.202307121226/tools/bin/../lib/gcc/arm-none-eabi/12.3.1/../../../../arm-none-eabi/lib/thumb/v7e-m+fp/hard\libcr_c.a(strlen.o)
 .debug_info    0x00012de6       0xd4 d:/mcuxpressoide_11.9.0_2144/ide/plugins/com.nxp.mcuxpresso.tools.win32_11.9.0.202307121226/tools/bin/../lib/gcc/arm-none-eabi/12.3.1/../../../../arm-none-eabi/lib/thumb/v7e-m+fp/hard\libcr_c.a(__init_alloc.o)
 .debug_info    0x00012eba      0x100 d:/mcuxpressoide_11.9.0_2144/ide/plugins/com.nxp.mcuxpresso.tools.win32_11.9.0.202307121226/tools/bin/../lib/gcc/arm-none-eabi/12.3.1/../../../../arm-none-eabi/lib/thumb/v7e-m+fp/hard\libcr_c.a(_cr_sbrk.o)
 .debug_info    0x00012fba      0x244 d:/mcuxpressoide_11.9.0_2144/ide/plugins/com.nxp.mcuxpresso.tools.win32_11.9.0.202307121226/tools/bin/../lib/gcc/arm-none-eabi/12.3.1/../../../../arm-none-eabi/lib/thumb/v7e-m+fp/hard\libcr_c.a(_fdopen.o)
 .debug_info    0x000131fe      0x318 d:/mcuxpressoide_11.9.0_2144/ide/plugins/com.nxp.mcuxpresso.tools.win32_11.9.0.202307121226/tools/bin/../lib/gcc/arm-none-eabi/12.3.1/../../../../arm-none-eabi/lib/thumb/v7e-m+fp/hard\libcr_c.a(fclose.o)
 .debug_info    0x00013516      0x202 d:/mcuxpressoide_11.9.0_2144/ide/plugins/com.nxp.mcuxpresso.tools.win32_11.9.0.202307121226/tools/bin/../lib/gcc/arm-none-eabi/12.3.1/../../../../arm-none-eabi/lib/thumb/v7e-m+fp/hard\libcr_c.a(fflush.o)
 .debug_info    0x00013718      0x1ca d:/mcuxpressoide_11.9.0_2144/ide/plugins/com.nxp.mcuxpresso.tools.win32_11.9.0.202307121226/tools/bin/../lib/gcc/arm-none-eabi/12.3.1/../../../../arm-none-eabi/lib/thumb/v7e-m+fp/hard\libcr_c.a(remove.o)
 .debug_info    0x000138e2       0x71 d:/mcuxpressoide_11.9.0_2144/ide/plugins/com.nxp.mcuxpresso.tools.win32_11.9.0.202307121226/tools/bin/../lib/gcc/arm-none-eabi/12.3.1/../../../../arm-none-eabi/lib/thumb/v7e-m+fp/hard\libcr_c.a(_cr_check_heap.o)
 .debug_info    0x00013953      0x23a d:/mcuxpressoide_11.9.0_2144/ide/plugins/com.nxp.mcuxpresso.tools.win32_11.9.0.202307121226/tools/bin/../lib/gcc/arm-none-eabi/12.3.1/../../../../arm-none-eabi/lib/thumb/v7e-m+fp/hard\libcr_c.a(_do_fflush.o)

.debug_abbrev   0x00000000     0x3e97
 .debug_abbrev  0x00000000      0x17a ./startup/startup_mk64f12.o
 .debug_abbrev  0x0000017a      0x2b3 ./source/GPIO.o
 .debug_abbrev  0x0000042d      0x24c ./source/LCD_nokia.o
 .debug_abbrev  0x00000679       0x64 ./source/LCD_nokia_images.o
 .debug_abbrev  0x000006dd      0x25b ./source/PIT.o
 .debug_abbrev  0x00000938      0x18f ./source/S25FL164K.o
 .debug_abbrev  0x00000ac7      0x21e ./source/SPI.o
 .debug_abbrev  0x00000ce5      0x2cb ./source/main.o
 .debug_abbrev  0x00000fb0       0x31 ./source/semihost_hardfault.o
 .debug_abbrev  0x00000fe1      0x378 ./drivers/fsl_clock.o
 .debug_abbrev  0x00001359      0x3b0 ./drivers/fsl_dspi.o
 .debug_abbrev  0x00001709      0x3fa ./drivers/fsl_edma.o
 .debug_abbrev  0x00001b03      0x1a5 ./drivers/fsl_gpio.o
 .debug_abbrev  0x00001ca8      0x392 ./drivers/fsl_i2c.o
 .debug_abbrev  0x0000203a      0x20a ./drivers/fsl_pit.o
 .debug_abbrev  0x00002244      0x45d ./drivers/fsl_uart.o
 .debug_abbrev  0x000026a1      0x148 ./device/system_MK64F12.o
 .debug_abbrev  0x000027e9       0x70 d:/mcuxpressoide_11.9.0_2144/ide/plugins/com.nxp.mcuxpresso.tools.win32_11.9.0.202307121226/tools/bin/../lib/gcc/arm-none-eabi/12.3.1/../../../../arm-none-eabi/lib/thumb/v7e-m+fp/hard\libcr_semihost_nf.a(_cr__main.o)
 .debug_abbrev  0x00002859      0x12f d:/mcuxpressoide_11.9.0_2144/ide/plugins/com.nxp.mcuxpresso.tools.win32_11.9.0.202307121226/tools/bin/../lib/gcc/arm-none-eabi/12.3.1/../../../../arm-none-eabi/lib/thumb/v7e-m+fp/hard\libcr_semihost_nf.a(_cr_assert.o)
 .debug_abbrev  0x00002988       0xb5 d:/mcuxpressoide_11.9.0_2144/ide/plugins/com.nxp.mcuxpresso.tools.win32_11.9.0.202307121226/tools/bin/../lib/gcc/arm-none-eabi/12.3.1/../../../../arm-none-eabi/lib/thumb/v7e-m+fp/hard\libcr_semihost_nf.a(__ciob.o)
 .debug_abbrev  0x00002a3d       0xa8 d:/mcuxpressoide_11.9.0_2144/ide/plugins/com.nxp.mcuxpresso.tools.win32_11.9.0.202307121226/tools/bin/../lib/gcc/arm-none-eabi/12.3.1/../../../../arm-none-eabi/lib/thumb/v7e-m+fp/hard\libcr_c.a(memset.o)
 .debug_abbrev  0x00002ae5      0x152 d:/mcuxpressoide_11.9.0_2144/ide/plugins/com.nxp.mcuxpresso.tools.win32_11.9.0.202307121226/tools/bin/../lib/gcc/arm-none-eabi/12.3.1/../../../../arm-none-eabi/lib/thumb/v7e-m+fp/hard\libcr_c.a(_deferredlazyseek.o)
 .debug_abbrev  0x00002c37       0xf1 d:/mcuxpressoide_11.9.0_2144/ide/plugins/com.nxp.mcuxpresso.tools.win32_11.9.0.202307121226/tools/bin/../lib/gcc/arm-none-eabi/12.3.1/../../../../arm-none-eabi/lib/thumb/v7e-m+fp/hard\libcr_c.a(_fflush.o)
 .debug_abbrev  0x00002d28      0x126 d:/mcuxpressoide_11.9.0_2144/ide/plugins/com.nxp.mcuxpresso.tools.win32_11.9.0.202307121226/tools/bin/../lib/gcc/arm-none-eabi/12.3.1/../../../../arm-none-eabi/lib/thumb/v7e-m+fp/hard\libcr_c.a(_writebuf.o)
 .debug_abbrev  0x00002e4e      0x284 d:/mcuxpressoide_11.9.0_2144/ide/plugins/com.nxp.mcuxpresso.tools.win32_11.9.0.202307121226/tools/bin/../lib/gcc/arm-none-eabi/12.3.1/../../../../arm-none-eabi/lib/thumb/v7e-m+fp/hard\libcr_c.a(alloc.o)
 .debug_abbrev  0x000030d2       0x44 d:/mcuxpressoide_11.9.0_2144/ide/plugins/com.nxp.mcuxpresso.tools.win32_11.9.0.202307121226/tools/bin/../lib/gcc/arm-none-eabi/12.3.1/../../../../arm-none-eabi/lib/thumb/v7e-m+fp/hard\libcr_c.a(errno.o)
 .debug_abbrev  0x00003116      0x10c d:/mcuxpressoide_11.9.0_2144/ide/plugins/com.nxp.mcuxpresso.tools.win32_11.9.0.202307121226/tools/bin/../lib/gcc/arm-none-eabi/12.3.1/../../../../arm-none-eabi/lib/thumb/v7e-m+fp/hard\libcr_c.a(fputs.o)
 .debug_abbrev  0x00003222      0x11b d:/mcuxpressoide_11.9.0_2144/ide/plugins/com.nxp.mcuxpresso.tools.win32_11.9.0.202307121226/tools/bin/../lib/gcc/arm-none-eabi/12.3.1/../../../../arm-none-eabi/lib/thumb/v7e-m+fp/hard\libcr_c.a(fseek.o)
 .debug_abbrev  0x0000333d       0xc2 d:/mcuxpressoide_11.9.0_2144/ide/plugins/com.nxp.mcuxpresso.tools.win32_11.9.0.202307121226/tools/bin/../lib/gcc/arm-none-eabi/12.3.1/../../../../arm-none-eabi/lib/thumb/v7e-m+fp/hard\libcr_c.a(ftell.o)
 .debug_abbrev  0x000033ff      0x169 d:/mcuxpressoide_11.9.0_2144/ide/plugins/com.nxp.mcuxpresso.tools.win32_11.9.0.202307121226/tools/bin/../lib/gcc/arm-none-eabi/12.3.1/../../../../arm-none-eabi/lib/thumb/v7e-m+fp/hard\libcr_c.a(initio.o)
 .debug_abbrev  0x00003568       0xe1 d:/mcuxpressoide_11.9.0_2144/ide/plugins/com.nxp.mcuxpresso.tools.win32_11.9.0.202307121226/tools/bin/../lib/gcc/arm-none-eabi/12.3.1/../../../../arm-none-eabi/lib/thumb/v7e-m+fp/hard\libcr_c.a(setvbuf.o)
 .debug_abbrev  0x00003649       0xa7 d:/mcuxpressoide_11.9.0_2144/ide/plugins/com.nxp.mcuxpresso.tools.win32_11.9.0.202307121226/tools/bin/../lib/gcc/arm-none-eabi/12.3.1/../../../../arm-none-eabi/lib/thumb/v7e-m+fp/hard\libcr_c.a(strlen.o)
 .debug_abbrev  0x000036f0       0xaf d:/mcuxpressoide_11.9.0_2144/ide/plugins/com.nxp.mcuxpresso.tools.win32_11.9.0.202307121226/tools/bin/../lib/gcc/arm-none-eabi/12.3.1/../../../../arm-none-eabi/lib/thumb/v7e-m+fp/hard\libcr_c.a(__init_alloc.o)
 .debug_abbrev  0x0000379f       0xd3 d:/mcuxpressoide_11.9.0_2144/ide/plugins/com.nxp.mcuxpresso.tools.win32_11.9.0.202307121226/tools/bin/../lib/gcc/arm-none-eabi/12.3.1/../../../../arm-none-eabi/lib/thumb/v7e-m+fp/hard\libcr_c.a(_cr_sbrk.o)
 .debug_abbrev  0x00003872      0x119 d:/mcuxpressoide_11.9.0_2144/ide/plugins/com.nxp.mcuxpresso.tools.win32_11.9.0.202307121226/tools/bin/../lib/gcc/arm-none-eabi/12.3.1/../../../../arm-none-eabi/lib/thumb/v7e-m+fp/hard\libcr_c.a(_fdopen.o)
 .debug_abbrev  0x0000398b      0x155 d:/mcuxpressoide_11.9.0_2144/ide/plugins/com.nxp.mcuxpresso.tools.win32_11.9.0.202307121226/tools/bin/../lib/gcc/arm-none-eabi/12.3.1/../../../../arm-none-eabi/lib/thumb/v7e-m+fp/hard\libcr_c.a(fclose.o)
 .debug_abbrev  0x00003ae0      0x125 d:/mcuxpressoide_11.9.0_2144/ide/plugins/com.nxp.mcuxpresso.tools.win32_11.9.0.202307121226/tools/bin/../lib/gcc/arm-none-eabi/12.3.1/../../../../arm-none-eabi/lib/thumb/v7e-m+fp/hard\libcr_c.a(fflush.o)
 .debug_abbrev  0x00003c05       0xfb d:/mcuxpressoide_11.9.0_2144/ide/plugins/com.nxp.mcuxpresso.tools.win32_11.9.0.202307121226/tools/bin/../lib/gcc/arm-none-eabi/12.3.1/../../../../arm-none-eabi/lib/thumb/v7e-m+fp/hard\libcr_c.a(remove.o)
 .debug_abbrev  0x00003d00       0x6b d:/mcuxpressoide_11.9.0_2144/ide/plugins/com.nxp.mcuxpresso.tools.win32_11.9.0.202307121226/tools/bin/../lib/gcc/arm-none-eabi/12.3.1/../../../../arm-none-eabi/lib/thumb/v7e-m+fp/hard\libcr_c.a(_cr_check_heap.o)
 .debug_abbrev  0x00003d6b      0x12c d:/mcuxpressoide_11.9.0_2144/ide/plugins/com.nxp.mcuxpresso.tools.win32_11.9.0.202307121226/tools/bin/../lib/gcc/arm-none-eabi/12.3.1/../../../../arm-none-eabi/lib/thumb/v7e-m+fp/hard\libcr_c.a(_do_fflush.o)

.debug_loc      0x00000000     0x164e
 .debug_loc     0x00000000      0x1e7 ./startup/startup_mk64f12.o
 .debug_loc     0x000001e7       0x3f d:/mcuxpressoide_11.9.0_2144/ide/plugins/com.nxp.mcuxpresso.tools.win32_11.9.0.202307121226/tools/bin/../lib/gcc/arm-none-eabi/12.3.1/../../../../arm-none-eabi/lib/thumb/v7e-m+fp/hard\libcr_semihost_nf.a(_cr_assert.o)
 .debug_loc     0x00000226       0x6f d:/mcuxpressoide_11.9.0_2144/ide/plugins/com.nxp.mcuxpresso.tools.win32_11.9.0.202307121226/tools/bin/../lib/gcc/arm-none-eabi/12.3.1/../../../../arm-none-eabi/lib/thumb/v7e-m+fp/hard\libcr_c.a(memset.o)
 .debug_loc     0x00000295      0x1aa d:/mcuxpressoide_11.9.0_2144/ide/plugins/com.nxp.mcuxpresso.tools.win32_11.9.0.202307121226/tools/bin/../lib/gcc/arm-none-eabi/12.3.1/../../../../arm-none-eabi/lib/thumb/v7e-m+fp/hard\libcr_c.a(_deferredlazyseek.o)
 .debug_loc     0x0000043f       0xfa d:/mcuxpressoide_11.9.0_2144/ide/plugins/com.nxp.mcuxpresso.tools.win32_11.9.0.202307121226/tools/bin/../lib/gcc/arm-none-eabi/12.3.1/../../../../arm-none-eabi/lib/thumb/v7e-m+fp/hard\libcr_c.a(_fflush.o)
 .debug_loc     0x00000539      0x113 d:/mcuxpressoide_11.9.0_2144/ide/plugins/com.nxp.mcuxpresso.tools.win32_11.9.0.202307121226/tools/bin/../lib/gcc/arm-none-eabi/12.3.1/../../../../arm-none-eabi/lib/thumb/v7e-m+fp/hard\libcr_c.a(_writebuf.o)
 .debug_loc     0x0000064c      0x7b2 d:/mcuxpressoide_11.9.0_2144/ide/plugins/com.nxp.mcuxpresso.tools.win32_11.9.0.202307121226/tools/bin/../lib/gcc/arm-none-eabi/12.3.1/../../../../arm-none-eabi/lib/thumb/v7e-m+fp/hard\libcr_c.a(alloc.o)
 .debug_loc     0x00000dfe       0x75 d:/mcuxpressoide_11.9.0_2144/ide/plugins/com.nxp.mcuxpresso.tools.win32_11.9.0.202307121226/tools/bin/../lib/gcc/arm-none-eabi/12.3.1/../../../../arm-none-eabi/lib/thumb/v7e-m+fp/hard\libcr_c.a(fputs.o)
 .debug_loc     0x00000e73       0xfb d:/mcuxpressoide_11.9.0_2144/ide/plugins/com.nxp.mcuxpresso.tools.win32_11.9.0.202307121226/tools/bin/../lib/gcc/arm-none-eabi/12.3.1/../../../../arm-none-eabi/lib/thumb/v7e-m+fp/hard\libcr_c.a(fseek.o)
 .debug_loc     0x00000f6e       0x99 d:/mcuxpressoide_11.9.0_2144/ide/plugins/com.nxp.mcuxpresso.tools.win32_11.9.0.202307121226/tools/bin/../lib/gcc/arm-none-eabi/12.3.1/../../../../arm-none-eabi/lib/thumb/v7e-m+fp/hard\libcr_c.a(ftell.o)
 .debug_loc     0x00001007       0x68 d:/mcuxpressoide_11.9.0_2144/ide/plugins/com.nxp.mcuxpresso.tools.win32_11.9.0.202307121226/tools/bin/../lib/gcc/arm-none-eabi/12.3.1/../../../../arm-none-eabi/lib/thumb/v7e-m+fp/hard\libcr_c.a(initio.o)
 .debug_loc     0x0000106f       0xf6 d:/mcuxpressoide_11.9.0_2144/ide/plugins/com.nxp.mcuxpresso.tools.win32_11.9.0.202307121226/tools/bin/../lib/gcc/arm-none-eabi/12.3.1/../../../../arm-none-eabi/lib/thumb/v7e-m+fp/hard\libcr_c.a(setvbuf.o)
 .debug_loc     0x00001165       0xdb d:/mcuxpressoide_11.9.0_2144/ide/plugins/com.nxp.mcuxpresso.tools.win32_11.9.0.202307121226/tools/bin/../lib/gcc/arm-none-eabi/12.3.1/../../../../arm-none-eabi/lib/thumb/v7e-m+fp/hard\libcr_c.a(strlen.o)
 .debug_loc     0x00001240       0x5c d:/mcuxpressoide_11.9.0_2144/ide/plugins/com.nxp.mcuxpresso.tools.win32_11.9.0.202307121226/tools/bin/../lib/gcc/arm-none-eabi/12.3.1/../../../../arm-none-eabi/lib/thumb/v7e-m+fp/hard\libcr_c.a(_cr_sbrk.o)
 .debug_loc     0x0000129c      0x121 d:/mcuxpressoide_11.9.0_2144/ide/plugins/com.nxp.mcuxpresso.tools.win32_11.9.0.202307121226/tools/bin/../lib/gcc/arm-none-eabi/12.3.1/../../../../arm-none-eabi/lib/thumb/v7e-m+fp/hard\libcr_c.a(_fdopen.o)
 .debug_loc     0x000013bd       0x73 d:/mcuxpressoide_11.9.0_2144/ide/plugins/com.nxp.mcuxpresso.tools.win32_11.9.0.202307121226/tools/bin/../lib/gcc/arm-none-eabi/12.3.1/../../../../arm-none-eabi/lib/thumb/v7e-m+fp/hard\libcr_c.a(fclose.o)
 .debug_loc     0x00001430       0xa2 d:/mcuxpressoide_11.9.0_2144/ide/plugins/com.nxp.mcuxpresso.tools.win32_11.9.0.202307121226/tools/bin/../lib/gcc/arm-none-eabi/12.3.1/../../../../arm-none-eabi/lib/thumb/v7e-m+fp/hard\libcr_c.a(fflush.o)
 .debug_loc     0x000014d2       0xc7 d:/mcuxpressoide_11.9.0_2144/ide/plugins/com.nxp.mcuxpresso.tools.win32_11.9.0.202307121226/tools/bin/../lib/gcc/arm-none-eabi/12.3.1/../../../../arm-none-eabi/lib/thumb/v7e-m+fp/hard\libcr_c.a(remove.o)
 .debug_loc     0x00001599       0x42 d:/mcuxpressoide_11.9.0_2144/ide/plugins/com.nxp.mcuxpresso.tools.win32_11.9.0.202307121226/tools/bin/../lib/gcc/arm-none-eabi/12.3.1/../../../../arm-none-eabi/lib/thumb/v7e-m+fp/hard\libcr_c.a(_cr_check_heap.o)
 .debug_loc     0x000015db       0x73 d:/mcuxpressoide_11.9.0_2144/ide/plugins/com.nxp.mcuxpresso.tools.win32_11.9.0.202307121226/tools/bin/../lib/gcc/arm-none-eabi/12.3.1/../../../../arm-none-eabi/lib/thumb/v7e-m+fp/hard\libcr_c.a(_do_fflush.o)

.debug_aranges  0x00000000     0x1320
 .debug_aranges
                0x00000000      0x330 ./startup/startup_mk64f12.o
 .debug_aranges
                0x00000330      0x160 ./source/GPIO.o
 .debug_aranges
                0x00000490       0x78 ./source/LCD_nokia.o
 .debug_aranges
                0x00000508       0x18 ./source/LCD_nokia_images.o
 .debug_aranges
                0x00000520       0x88 ./source/PIT.o
 .debug_aranges
                0x000005a8       0x28 ./source/S25FL164K.o
 .debug_aranges
                0x000005d0       0x30 ./source/SPI.o
 .debug_aranges
                0x00000600       0x48 ./source/main.o
 .debug_aranges
                0x00000648       0x20 ./source/semihost_hardfault.o
 .debug_aranges
                0x00000668      0x1f8 ./drivers/fsl_clock.o
 .debug_aranges
                0x00000860      0x1d8 ./drivers/fsl_dspi.o
 .debug_aranges
                0x00000a38      0x1f8 ./drivers/fsl_edma.o
 .debug_aranges
                0x00000c30       0x40 ./drivers/fsl_gpio.o
 .debug_aranges
                0x00000c70      0x180 ./drivers/fsl_i2c.o
 .debug_aranges
                0x00000df0       0x40 ./drivers/fsl_pit.o
 .debug_aranges
                0x00000e30      0x1b8 ./drivers/fsl_uart.o
 .debug_aranges
                0x00000fe8       0x30 ./device/system_MK64F12.o
 .debug_aranges
                0x00001018       0x20 d:/mcuxpressoide_11.9.0_2144/ide/plugins/com.nxp.mcuxpresso.tools.win32_11.9.0.202307121226/tools/bin/../lib/gcc/arm-none-eabi/12.3.1/../../../../arm-none-eabi/lib/thumb/v7e-m+fp/hard\libcr_semihost_nf.a(_cr__main.o)
 .debug_aranges
                0x00001038       0x20 d:/mcuxpressoide_11.9.0_2144/ide/plugins/com.nxp.mcuxpresso.tools.win32_11.9.0.202307121226/tools/bin/../lib/gcc/arm-none-eabi/12.3.1/../../../../arm-none-eabi/lib/thumb/v7e-m+fp/hard\libcr_semihost_nf.a(_cr_assert.o)
 .debug_aranges
                0x00001058       0x18 d:/mcuxpressoide_11.9.0_2144/ide/plugins/com.nxp.mcuxpresso.tools.win32_11.9.0.202307121226/tools/bin/../lib/gcc/arm-none-eabi/12.3.1/../../../../arm-none-eabi/lib/thumb/v7e-m+fp/hard\libcr_semihost_nf.a(__ciob.o)
 .debug_aranges
                0x00001070       0x20 d:/mcuxpressoide_11.9.0_2144/ide/plugins/com.nxp.mcuxpresso.tools.win32_11.9.0.202307121226/tools/bin/../lib/gcc/arm-none-eabi/12.3.1/../../../../arm-none-eabi/lib/thumb/v7e-m+fp/hard\libcr_c.a(memset.o)
 .debug_aranges
                0x00001090       0x28 d:/mcuxpressoide_11.9.0_2144/ide/plugins/com.nxp.mcuxpresso.tools.win32_11.9.0.202307121226/tools/bin/../lib/gcc/arm-none-eabi/12.3.1/../../../../arm-none-eabi/lib/thumb/v7e-m+fp/hard\libcr_c.a(_deferredlazyseek.o)
 .debug_aranges
                0x000010b8       0x20 d:/mcuxpressoide_11.9.0_2144/ide/plugins/com.nxp.mcuxpresso.tools.win32_11.9.0.202307121226/tools/bin/../lib/gcc/arm-none-eabi/12.3.1/../../../../arm-none-eabi/lib/thumb/v7e-m+fp/hard\libcr_c.a(_fflush.o)
 .debug_aranges
                0x000010d8       0x20 d:/mcuxpressoide_11.9.0_2144/ide/plugins/com.nxp.mcuxpresso.tools.win32_11.9.0.202307121226/tools/bin/../lib/gcc/arm-none-eabi/12.3.1/../../../../arm-none-eabi/lib/thumb/v7e-m+fp/hard\libcr_c.a(_writebuf.o)
 .debug_aranges
                0x000010f8       0x40 d:/mcuxpressoide_11.9.0_2144/ide/plugins/com.nxp.mcuxpresso.tools.win32_11.9.0.202307121226/tools/bin/../lib/gcc/arm-none-eabi/12.3.1/../../../../arm-none-eabi/lib/thumb/v7e-m+fp/hard\libcr_c.a(alloc.o)
 .debug_aranges
                0x00001138       0x18 d:/mcuxpressoide_11.9.0_2144/ide/plugins/com.nxp.mcuxpresso.tools.win32_11.9.0.202307121226/tools/bin/../lib/gcc/arm-none-eabi/12.3.1/../../../../arm-none-eabi/lib/thumb/v7e-m+fp/hard\libcr_c.a(errno.o)
 .debug_aranges
                0x00001150       0x20 d:/mcuxpressoide_11.9.0_2144/ide/plugins/com.nxp.mcuxpresso.tools.win32_11.9.0.202307121226/tools/bin/../lib/gcc/arm-none-eabi/12.3.1/../../../../arm-none-eabi/lib/thumb/v7e-m+fp/hard\libcr_c.a(fputs.o)
 .debug_aranges
                0x00001170       0x20 d:/mcuxpressoide_11.9.0_2144/ide/plugins/com.nxp.mcuxpresso.tools.win32_11.9.0.202307121226/tools/bin/../lib/gcc/arm-none-eabi/12.3.1/../../../../arm-none-eabi/lib/thumb/v7e-m+fp/hard\libcr_c.a(fseek.o)
 .debug_aranges
                0x00001190       0x20 d:/mcuxpressoide_11.9.0_2144/ide/plugins/com.nxp.mcuxpresso.tools.win32_11.9.0.202307121226/tools/bin/../lib/gcc/arm-none-eabi/12.3.1/../../../../arm-none-eabi/lib/thumb/v7e-m+fp/hard\libcr_c.a(ftell.o)
 .debug_aranges
                0x000011b0       0x28 d:/mcuxpressoide_11.9.0_2144/ide/plugins/com.nxp.mcuxpresso.tools.win32_11.9.0.202307121226/tools/bin/../lib/gcc/arm-none-eabi/12.3.1/../../../../arm-none-eabi/lib/thumb/v7e-m+fp/hard\libcr_c.a(initio.o)
 .debug_aranges
                0x000011d8       0x20 d:/mcuxpressoide_11.9.0_2144/ide/plugins/com.nxp.mcuxpresso.tools.win32_11.9.0.202307121226/tools/bin/../lib/gcc/arm-none-eabi/12.3.1/../../../../arm-none-eabi/lib/thumb/v7e-m+fp/hard\libcr_c.a(setvbuf.o)
 .debug_aranges
                0x000011f8       0x20 d:/mcuxpressoide_11.9.0_2144/ide/plugins/com.nxp.mcuxpresso.tools.win32_11.9.0.202307121226/tools/bin/../lib/gcc/arm-none-eabi/12.3.1/../../../../arm-none-eabi/lib/thumb/v7e-m+fp/hard\libcr_c.a(strlen.o)
 .debug_aranges
                0x00001218       0x20 d:/mcuxpressoide_11.9.0_2144/ide/plugins/com.nxp.mcuxpresso.tools.win32_11.9.0.202307121226/tools/bin/../lib/gcc/arm-none-eabi/12.3.1/../../../../arm-none-eabi/lib/thumb/v7e-m+fp/hard\libcr_c.a(__init_alloc.o)
 .debug_aranges
                0x00001238       0x20 d:/mcuxpressoide_11.9.0_2144/ide/plugins/com.nxp.mcuxpresso.tools.win32_11.9.0.202307121226/tools/bin/../lib/gcc/arm-none-eabi/12.3.1/../../../../arm-none-eabi/lib/thumb/v7e-m+fp/hard\libcr_c.a(_cr_sbrk.o)
 .debug_aranges
                0x00001258       0x20 d:/mcuxpressoide_11.9.0_2144/ide/plugins/com.nxp.mcuxpresso.tools.win32_11.9.0.202307121226/tools/bin/../lib/gcc/arm-none-eabi/12.3.1/../../../../arm-none-eabi/lib/thumb/v7e-m+fp/hard\libcr_c.a(_fdopen.o)
 .debug_aranges
                0x00001278       0x20 d:/mcuxpressoide_11.9.0_2144/ide/plugins/com.nxp.mcuxpresso.tools.win32_11.9.0.202307121226/tools/bin/../lib/gcc/arm-none-eabi/12.3.1/../../../../arm-none-eabi/lib/thumb/v7e-m+fp/hard\libcr_c.a(fclose.o)
 .debug_aranges
                0x00001298       0x20 d:/mcuxpressoide_11.9.0_2144/ide/plugins/com.nxp.mcuxpresso.tools.win32_11.9.0.202307121226/tools/bin/../lib/gcc/arm-none-eabi/12.3.1/../../../../arm-none-eabi/lib/thumb/v7e-m+fp/hard\libcr_c.a(fflush.o)
 .debug_aranges
                0x000012b8       0x28 d:/mcuxpressoide_11.9.0_2144/ide/plugins/com.nxp.mcuxpresso.tools.win32_11.9.0.202307121226/tools/bin/../lib/gcc/arm-none-eabi/12.3.1/../../../../arm-none-eabi/lib/thumb/v7e-m+fp/hard\libcr_c.a(remove.o)
 .debug_aranges
                0x000012e0       0x20 d:/mcuxpressoide_11.9.0_2144/ide/plugins/com.nxp.mcuxpresso.tools.win32_11.9.0.202307121226/tools/bin/../lib/gcc/arm-none-eabi/12.3.1/../../../../arm-none-eabi/lib/thumb/v7e-m+fp/hard\libcr_c.a(_cr_check_heap.o)
 .debug_aranges
                0x00001300       0x20 d:/mcuxpressoide_11.9.0_2144/ide/plugins/com.nxp.mcuxpresso.tools.win32_11.9.0.202307121226/tools/bin/../lib/gcc/arm-none-eabi/12.3.1/../../../../arm-none-eabi/lib/thumb/v7e-m+fp/hard\libcr_c.a(_do_fflush.o)

.debug_ranges   0x00000000     0x10f8
 .debug_ranges  0x00000000      0x320 ./startup/startup_mk64f12.o
 .debug_ranges  0x00000320      0x150 ./source/GPIO.o
 .debug_ranges  0x00000470       0x68 ./source/LCD_nokia.o
 .debug_ranges  0x000004d8       0x78 ./source/PIT.o
 .debug_ranges  0x00000550       0x18 ./source/S25FL164K.o
 .debug_ranges  0x00000568       0x20 ./source/SPI.o
 .debug_ranges  0x00000588       0x38 ./source/main.o
 .debug_ranges  0x000005c0       0x10 ./source/semihost_hardfault.o
 .debug_ranges  0x000005d0      0x1e8 ./drivers/fsl_clock.o
 .debug_ranges  0x000007b8      0x1c8 ./drivers/fsl_dspi.o
 .debug_ranges  0x00000980      0x1e8 ./drivers/fsl_edma.o
 .debug_ranges  0x00000b68       0x30 ./drivers/fsl_gpio.o
 .debug_ranges  0x00000b98      0x170 ./drivers/fsl_i2c.o
 .debug_ranges  0x00000d08       0x30 ./drivers/fsl_pit.o
 .debug_ranges  0x00000d38      0x1a8 ./drivers/fsl_uart.o
 .debug_ranges  0x00000ee0       0x20 ./device/system_MK64F12.o
 .debug_ranges  0x00000f00       0x10 d:/mcuxpressoide_11.9.0_2144/ide/plugins/com.nxp.mcuxpresso.tools.win32_11.9.0.202307121226/tools/bin/../lib/gcc/arm-none-eabi/12.3.1/../../../../arm-none-eabi/lib/thumb/v7e-m+fp/hard\libcr_semihost_nf.a(_cr__main.o)
 .debug_ranges  0x00000f10       0x10 d:/mcuxpressoide_11.9.0_2144/ide/plugins/com.nxp.mcuxpresso.tools.win32_11.9.0.202307121226/tools/bin/../lib/gcc/arm-none-eabi/12.3.1/../../../../arm-none-eabi/lib/thumb/v7e-m+fp/hard\libcr_semihost_nf.a(_cr_assert.o)
 .debug_ranges  0x00000f20       0x10 d:/mcuxpressoide_11.9.0_2144/ide/plugins/com.nxp.mcuxpresso.tools.win32_11.9.0.202307121226/tools/bin/../lib/gcc/arm-none-eabi/12.3.1/../../../../arm-none-eabi/lib/thumb/v7e-m+fp/hard\libcr_c.a(memset.o)
 .debug_ranges  0x00000f30       0x38 d:/mcuxpressoide_11.9.0_2144/ide/plugins/com.nxp.mcuxpresso.tools.win32_11.9.0.202307121226/tools/bin/../lib/gcc/arm-none-eabi/12.3.1/../../../../arm-none-eabi/lib/thumb/v7e-m+fp/hard\libcr_c.a(_deferredlazyseek.o)
 .debug_ranges  0x00000f68       0x10 d:/mcuxpressoide_11.9.0_2144/ide/plugins/com.nxp.mcuxpresso.tools.win32_11.9.0.202307121226/tools/bin/../lib/gcc/arm-none-eabi/12.3.1/../../../../arm-none-eabi/lib/thumb/v7e-m+fp/hard\libcr_c.a(_fflush.o)
 .debug_ranges  0x00000f78       0x10 d:/mcuxpressoide_11.9.0_2144/ide/plugins/com.nxp.mcuxpresso.tools.win32_11.9.0.202307121226/tools/bin/../lib/gcc/arm-none-eabi/12.3.1/../../../../arm-none-eabi/lib/thumb/v7e-m+fp/hard\libcr_c.a(_writebuf.o)
 .debug_ranges  0x00000f88       0x48 d:/mcuxpressoide_11.9.0_2144/ide/plugins/com.nxp.mcuxpresso.tools.win32_11.9.0.202307121226/tools/bin/../lib/gcc/arm-none-eabi/12.3.1/../../../../arm-none-eabi/lib/thumb/v7e-m+fp/hard\libcr_c.a(alloc.o)