../source/GPIO.c:30:6:PTA4_callback_init	16	static
../source/GPIO.c:34:6:PTD0_callback_init	16	static
../source/GPIO.c:39:10:GPIO_GetInstance	24	static
../source/GPIO.c:57:10:GPIO_GetPortIF	24	static
../source/GPIO.c:66:6:GPIO_ClearPortIF	24	static
../source/GPIO.c:75:6:PORT_SetPinAsButton	24	static
../source/GPIO.c:89:6:PORT_SetPinAsI2C	24	static
../source/GPIO.c:103:6:PORT_SetPinAsOutput	24	static
../source/GPIO.c:117:6:PORT_SetPinC	32	static
../source/GPIO.c:123:6:PORT_SetInterrupts	24	static
../source/GPIO.c:128:6:PORTA_IRQHandler	8	static
../source/GPIO.c:139:6:PORTD_IRQHandler	8	static
../source/GPIO.c:148:6:PORTC_IRQHandler	8	static
../source/GPIO.c:183:6:PORTB_IRQHandler	8	static
../source/GPIO.c:231:6:GPIO_B_set_flag	16	static
../source/GPIO.c:249:9:GPIO_B_get_flag	24	static
../source/GPIO.c:271:6:GPIO_C_set_flag	16	static
../source/GPIO.c:285:9:GPIO_C_get_flag	24	static
../source/GPIO.c:304:9:GPIO_get_flag	24	static
../source/GPIO.c:331:6:GPIO_set_flag	16	static
../source/GPIO.c:356:6:PORT_ClockGatingConfig	16	static
../source/GPIO.c:361:6:PORT_SetMux	24	static
../source/GPIO.c:366:6:config_pit	16	static
../source/GPIO.c:372:6:pcra_config	16	static
../source/GPIO.c:376:6:pcrc_config	16	static
../source/GPIO.c:380:6:pcrb_config	16	static
../source/GPIO.c:385:6:pcrd_config	16	static
../source/GPIO.c:389:6:pcre_config	16	static
../source/GPIO.c:395:6:config_pddr_a	16	static
../source/GPIO.c:399:6:config_pddr_b	16	static
../source/GPIO.c:404:6:config_pddr_c	16	static
../source/GPIO.c:408:6:config_pddr_d	16	static
../source/GPIO.c:412:6:config_pddr_e	16	static
../source/GPIO.c:418:6:GPIO_PDDR_Config	24	static
../source/GPIO.c:423:6:GPIO_clear_internSW_flags	24	static
../source/GPIO.c:436:6:GPIO_SetPinValue	16	static
../source/GPIO.c:441:6:GPIO_ClearPinValue	16	static
../source/GPIO.c:446:6:GPIO_TogglePinValue	16	static
../source/GPIO.c:451:6:toggle_RED	4	static
../source/GPIO.c:456:6:toggle_BLUE	4	static
../source/GPIO.c:461:6:turn_off	4	static
