D:\Embebidos_BU\E4_T9\LCD_Nokia_EEPROM\CMSIS/core_cm4.h:1679:22:__NVIC_EnableIRQ	16	static
D:\Embebidos_BU\E4_T9\LCD_Nokia_EEPROM\drivers/fsl_common_arm.h:499:24:EnableIRQ	24	static
D:\Embebidos_BU\E4_T9\LCD_Nokia_EEPROM\drivers/fsl_pit.h:159:20:PIT_EnableInterrupts	24	static
D:\Embebidos_BU\E4_T9\LCD_Nokia_EEPROM\drivers/fsl_pit.h:220:20:PIT_ClearStatusFlags	24	static
../source/PIT.c:22:6:PIT_enable_interrupts	8	static
../source/PIT.c:31:6:PIT_set_interrupts	8	static
../source/PIT.c:40:6:PIT0_IRQHandler	8	static
../source/PIT.c:47:6:PIT1_IRQHandler	8	static
../source/PIT.c:58:6:PIT_set_timer_period	24	static
../source/PIT.c:64:6:PIT_callback_init	16	static
../source/PIT.c:69:6:PIT1_callback_init	16	static
../source/PIT.c:75:9:PIT_IsActive	4	static
../source/PIT.c:92:6:PIT0_GetIRFlag	4	static
../source/PIT.c:97:6:PIT0_SetIRFlag	16	static
